main.c:441:7:wizchip_select	0	static
main.c:446:7:wizchip_deselect	0	static
main.c:952:6:StartReadInput1	8	static
main.c:974:6:StartReadInput2	8	static
main.c:996:6:StartReadInput3	8	static
main.c:1018:6:StartReadInput4	8	static
main.c:245:6:SystemClock_Config	72	static
main.c:426:9:W5500_rxtx	32	static
main.c:451:7:wizchip_write	0	static
main.c:456:9:wizchip_read	0	static
main.c:466:6:network_init	16	static
main.c:483:6:HTTP_reset	0	static
main.c:694:6:save_to_flash	64	dynamic
main.c:738:6:read_flash	8	static
main.c:756:7:strremove	32	static
main.c:769:6:configNetwork	56	static
main.c:489:9:tcp_http_mt	40	static
main.c:925:6:StartEthernet	16	static
main.c:158:5:main	40	static
main.c:1041:6:HAL_TIM_PeriodElapsedCallback	0	static
main.c:1058:6:Error_Handler	0	static
