main.c:442:7:wizchip_select	0	static
main.c:447:7:wizchip_deselect	0	static
main.c:938:6:StartReadInput1	8	static
main.c:960:6:StartReadInput2	8	static
main.c:982:6:StartReadInput3	8	static
main.c:1004:6:StartReadInput4	8	static
main.c:246:6:SystemClock_Config	72	static
main.c:427:9:W5500_rxtx	32	static
main.c:452:7:wizchip_write	0	static
main.c:457:9:wizchip_read	0	static
main.c:467:6:network_init	16	static
main.c:484:6:HTTP_reset	0	static
main.c:705:6:save_to_flash	64	dynamic
main.c:749:6:read_flash	8	static
main.c:767:10:strremove	32	static
main.c:780:6:configNetwork	80	static
main.c:490:9:tcp_http_mt	40	static
main.c:911:6:StartEthernet	16	static
main.c:159:5:main	40	static
main.c:1027:6:HAL_TIM_PeriodElapsedCallback	0	static
main.c:1044:6:Error_Handler	0	static
