main.c:157:5:main	88	static
main.c:308:6:SystemClock_Config	72	static
main.c:345:13:MX_I2C2_Init	8	static
main.c:379:13:MX_SPI2_Init	8	static
main.c:417:13:MX_GPIO_Init	48	static
main.c:489:9:W5500_rxtx	32	static
main.c:504:7:wizchip_select	8	static
main.c:509:7:wizchip_deselect	8	static
main.c:514:7:wizchip_write	16	static
main.c:519:9:wizchip_read	8	static
main.c:529:6:network_init	16	static
main.c:546:6:HTTP_reset	16	static
main.c:552:9:tcp_http_mt	56	static
main.c:759:6:save_to_flash	80	dynamic
main.c:803:6:read_flash	24	static
main.c:821:7:strremove	32	static
main.c:842:6:StartEthernet	24	static
main.c:869:6:StartReadInput1	16	static
main.c:891:6:StartReadInput2	16	static
main.c:913:6:StartReadInput3	16	static
main.c:935:6:StartReadInput4	16	static
main.c:958:6:HAL_TIM_PeriodElapsedCallback	16	static
main.c:975:6:Error_Handler	4	static
