main.c:159:5:main	8	static
main.c:246:6:SystemClock_Config	72	static
main.c:283:13:MX_I2C2_Init	8	static
main.c:317:13:MX_SPI2_Init	8	static
main.c:355:13:MX_GPIO_Init	48	static
main.c:427:9:W5500_rxtx	32	static
main.c:442:7:wizchip_select	8	static
main.c:447:7:wizchip_deselect	8	static
main.c:452:7:wizchip_write	16	static
main.c:457:9:wizchip_read	8	static
main.c:467:6:network_init	16	static
main.c:484:6:HTTP_reset	16	static
main.c:490:9:tcp_http_mt	56	static
main.c:705:6:save_to_flash	80	dynamic
main.c:749:6:read_flash	24	static
main.c:767:10:strremove	32	static
main.c:780:6:configNetwork	112	static
main.c:911:6:StartEthernet	24	static
main.c:938:6:StartReadInput1	16	static
main.c:960:6:StartReadInput2	16	static
main.c:982:6:StartReadInput3	16	static
main.c:1004:6:StartReadInput4	16	static
main.c:1027:6:HAL_TIM_PeriodElapsedCallback	16	static
main.c:1044:6:Error_Handler	4	static
