Archive member included to satisfy reference by file (symbol)

c:/st/stm32cubeide_1.4.0/stm32cubeide/plugins/com.st.stm32cube.ide.mcu.externaltools.gnu-tools-for-stm32.7-2018-q2-update.win32_1.5.0.202011040924/tools/bin/../lib/gcc/arm-none-eabi/7.3.1/../../../../arm-none-eabi/lib/thumb/v7-m\libc_nano.a(lib_a-errno.o)
                              Core/Src/syscalls.o (__errno)
c:/st/stm32cubeide_1.4.0/stm32cubeide/plugins/com.st.stm32cube.ide.mcu.externaltools.gnu-tools-for-stm32.7-2018-q2-update.win32_1.5.0.202011040924/tools/bin/../lib/gcc/arm-none-eabi/7.3.1/../../../../arm-none-eabi/lib/thumb/v7-m\libc_nano.a(lib_a-exit.o)
                              c:/st/stm32cubeide_1.4.0/stm32cubeide/plugins/com.st.stm32cube.ide.mcu.externaltools.gnu-tools-for-stm32.7-2018-q2-update.win32_1.5.0.202011040924/tools/bin/../lib/gcc/arm-none-eabi/7.3.1/../../../../arm-none-eabi/lib/thumb/v7-m/crt0.o (exit)
c:/st/stm32cubeide_1.4.0/stm32cubeide/plugins/com.st.stm32cube.ide.mcu.externaltools.gnu-tools-for-stm32.7-2018-q2-update.win32_1.5.0.202011040924/tools/bin/../lib/gcc/arm-none-eabi/7.3.1/../../../../arm-none-eabi/lib/thumb/v7-m\libc_nano.a(lib_a-impure.o)
                              c:/st/stm32cubeide_1.4.0/stm32cubeide/plugins/com.st.stm32cube.ide.mcu.externaltools.gnu-tools-for-stm32.7-2018-q2-update.win32_1.5.0.202011040924/tools/bin/../lib/gcc/arm-none-eabi/7.3.1/../../../../arm-none-eabi/lib/thumb/v7-m\libc_nano.a(lib_a-exit.o) (_global_impure_ptr)
c:/st/stm32cubeide_1.4.0/stm32cubeide/plugins/com.st.stm32cube.ide.mcu.externaltools.gnu-tools-for-stm32.7-2018-q2-update.win32_1.5.0.202011040924/tools/bin/../lib/gcc/arm-none-eabi/7.3.1/../../../../arm-none-eabi/lib/thumb/v7-m\libc_nano.a(lib_a-init.o)
                              c:/st/stm32cubeide_1.4.0/stm32cubeide/plugins/com.st.stm32cube.ide.mcu.externaltools.gnu-tools-for-stm32.7-2018-q2-update.win32_1.5.0.202011040924/tools/bin/../lib/gcc/arm-none-eabi/7.3.1/../../../../arm-none-eabi/lib/thumb/v7-m/crt0.o (__libc_init_array)
c:/st/stm32cubeide_1.4.0/stm32cubeide/plugins/com.st.stm32cube.ide.mcu.externaltools.gnu-tools-for-stm32.7-2018-q2-update.win32_1.5.0.202011040924/tools/bin/../lib/gcc/arm-none-eabi/7.3.1/../../../../arm-none-eabi/lib/thumb/v7-m\libc_nano.a(lib_a-memcmp.o)
                              Core/Src/main.o (memcmp)
c:/st/stm32cubeide_1.4.0/stm32cubeide/plugins/com.st.stm32cube.ide.mcu.externaltools.gnu-tools-for-stm32.7-2018-q2-update.win32_1.5.0.202011040924/tools/bin/../lib/gcc/arm-none-eabi/7.3.1/../../../../arm-none-eabi/lib/thumb/v7-m\libc_nano.a(lib_a-memcpy-stub.o)
                              Middlewares/Third_Party/FreeRTOS/Source/CMSIS_RTOS_V2/cmsis_os2.o (memcpy)
c:/st/stm32cubeide_1.4.0/stm32cubeide/plugins/com.st.stm32cube.ide.mcu.externaltools.gnu-tools-for-stm32.7-2018-q2-update.win32_1.5.0.202011040924/tools/bin/../lib/gcc/arm-none-eabi/7.3.1/../../../../arm-none-eabi/lib/thumb/v7-m\libc_nano.a(lib_a-memmove.o)
                              Core/Src/main.o (memmove)
c:/st/stm32cubeide_1.4.0/stm32cubeide/plugins/com.st.stm32cube.ide.mcu.externaltools.gnu-tools-for-stm32.7-2018-q2-update.win32_1.5.0.202011040924/tools/bin/../lib/gcc/arm-none-eabi/7.3.1/../../../../arm-none-eabi/lib/thumb/v7-m\libc_nano.a(lib_a-memset.o)
                              c:/st/stm32cubeide_1.4.0/stm32cubeide/plugins/com.st.stm32cube.ide.mcu.externaltools.gnu-tools-for-stm32.7-2018-q2-update.win32_1.5.0.202011040924/tools/bin/../lib/gcc/arm-none-eabi/7.3.1/../../../../arm-none-eabi/lib/thumb/v7-m/crt0.o (memset)
c:/st/stm32cubeide_1.4.0/stm32cubeide/plugins/com.st.stm32cube.ide.mcu.externaltools.gnu-tools-for-stm32.7-2018-q2-update.win32_1.5.0.202011040924/tools/bin/../lib/gcc/arm-none-eabi/7.3.1/../../../../arm-none-eabi/lib/thumb/v7-m\libc_nano.a(lib_a-strcat.o)
                              Core/Src/main.o (strcat)
c:/st/stm32cubeide_1.4.0/stm32cubeide/plugins/com.st.stm32cube.ide.mcu.externaltools.gnu-tools-for-stm32.7-2018-q2-update.win32_1.5.0.202011040924/tools/bin/../lib/gcc/arm-none-eabi/7.3.1/../../../../arm-none-eabi/lib/thumb/v7-m\libc_nano.a(lib_a-strchr.o)
                              Core/Src/main.o (strchr)
c:/st/stm32cubeide_1.4.0/stm32cubeide/plugins/com.st.stm32cube.ide.mcu.externaltools.gnu-tools-for-stm32.7-2018-q2-update.win32_1.5.0.202011040924/tools/bin/../lib/gcc/arm-none-eabi/7.3.1/../../../../arm-none-eabi/lib/thumb/v7-m\libc_nano.a(lib_a-strcpy.o)
                              Core/Src/main.o (strcpy)
c:/st/stm32cubeide_1.4.0/stm32cubeide/plugins/com.st.stm32cube.ide.mcu.externaltools.gnu-tools-for-stm32.7-2018-q2-update.win32_1.5.0.202011040924/tools/bin/../lib/gcc/arm-none-eabi/7.3.1/../../../../arm-none-eabi/lib/thumb/v7-m\libc_nano.a(lib_a-strlen.o)
                              Core/Src/main.o (strlen)
[...]
Memory Configuration

Name             Origin             Length             Attributes
RAM              0x0000000020000000 0x0000000000005000 xrw
FLASH            0x0000000008000000 0x0000000000010000 xr
*default*        0x0000000000000000 0xffffffffffffffff

Linker script and memory map

LOAD c:/st/stm32cubeide_1.4.0/stm32cubeide/plugins/com.st.stm32cube.ide.mcu.externaltools.gnu-tools-for-stm32.7-2018-q2-update.win32_1.5.0.202011040924/tools/bin/../lib/gcc/arm-none-eabi/7.3.1/thumb/v7-m/crti.o
LOAD c:/st/stm32cubeide_1.4.0/stm32cubeide/plugins/com.st.stm32cube.ide.mcu.externaltools.gnu-tools-for-stm32.7-2018-q2-update.win32_1.5.0.202011040924/tools/bin/../lib/gcc/arm-none-eabi/7.3.1/thumb/v7-m/crtbegin.o
LOAD c:/st/stm32cubeide_1.4.0/stm32cubeide/plugins/com.st.stm32cube.ide.mcu.externaltools.gnu-tools-for-stm32.7-2018-q2-update.win32_1.5.0.202011040924/tools/bin/../lib/gcc/arm-none-eabi/7.3.1/../../../../arm-none-eabi/lib/thumb/v7-m/crt0.o
LOAD Core/Src/freertos.o
LOAD Core/Src/main.o
LOAD Core/Src/stm32f1xx_hal_msp.o
LOAD Core/Src/stm32f1xx_hal_timebase_tim.o
LOAD Core/Src/stm32f1xx_it.o
LOAD Core/Src/syscalls.o
LOAD Core/Src/sysmem.o
LOAD Core/Src/system_stm32f1xx.o
LOAD Core/Startup/startup_stm32f103c8tx.o
LOAD Drivers/ETHERNET/scr/delay.o
LOAD Drivers/ETHERNET/scr/socket.o
LOAD Drivers/ETHERNET/scr/w5500.o
LOAD Drivers/ETHERNET/scr/wizchip_conf.o
LOAD Drivers/STM32F1xx_HAL_Driver/Src/stm32f1xx_hal.o
LOAD Drivers/STM32F1xx_HAL_Driver/Src/stm32f1xx_hal_cortex.o
LOAD Drivers/STM32F1xx_HAL_Driver/Src/stm32f1xx_hal_dma.o
LOAD Drivers/STM32F1xx_HAL_Driver/Src/stm32f1xx_hal_exti.o
LOAD Drivers/STM32F1xx_HAL_Driver/Src/stm32f1xx_hal_flash.o
LOAD Drivers/STM32F1xx_HAL_Driver/Src/stm32f1xx_hal_flash_ex.o
LOAD Drivers/STM32F1xx_HAL_Driver/Src/stm32f1xx_hal_gpio.o
LOAD Drivers/STM32F1xx_HAL_Driver/Src/stm32f1xx_hal_gpio_ex.o
LOAD Drivers/STM32F1xx_HAL_Driver/Src/stm32f1xx_hal_i2c.o
LOAD Drivers/STM32F1xx_HAL_Driver/Src/stm32f1xx_hal_pwr.o
LOAD Drivers/STM32F1xx_HAL_Driver/Src/stm32f1xx_hal_rcc.o
LOAD Drivers/STM32F1xx_HAL_Driver/Src/stm32f1xx_hal_rcc_ex.o
LOAD Drivers/STM32F1xx_HAL_Driver/Src/stm32f1xx_hal_spi.o
LOAD Drivers/STM32F1xx_HAL_Driver/Src/stm32f1xx_hal_tim.o
LOAD Drivers/STM32F1xx_HAL_Driver/Src/stm32f1xx_hal_tim_ex.o
LOAD Middlewares/Third_Party/FreeRTOS/Source/CMSIS_RTOS_V2/cmsis_os2.o
LOAD Middlewares/Third_Party/FreeRTOS/Source/croutine.o
LOAD Middlewares/Third_Party/FreeRTOS/Source/event_groups.o
LOAD Middlewares/Third_Party/FreeRTOS/Source/list.o
LOAD Middlewares/Third_Party/FreeRTOS/Source/queue.o
LOAD Middlewares/Third_Party/FreeRTOS/Source/stream_buffer.o
LOAD Middlewares/Third_Party/FreeRTOS/Source/tasks.o
LOAD Middlewares/Third_Party/FreeRTOS/Source/timers.o
LOAD Middlewares/Third_Party/FreeRTOS/Source/portable/GCC/ARM_CM3/port.o
LOAD Middlewares/Third_Party/FreeRTOS/Source/portable/MemMang/heap_4.o
START GROUP
LOAD c:/st/stm32cubeide_1.4.0/stm32cubeide/plugins/com.st.stm32cube.ide.mcu.externaltools.gnu-tools-for-stm32.7-2018-q2-update.win32_1.5.0.202011040924/tools/bin/../lib/gcc/arm-none-eabi/7.3.1/../../../../arm-none-eabi/lib/thumb/v7-m\libc_nano.a
LOAD c:/st/stm32cubeide_1.4.0/stm32cubeide/plugins/com.st.stm32cube.ide.mcu.externaltools.gnu-tools-for-stm32.7-2018-q2-update.win32_1.5.0.202011040924/tools/bin/../lib/gcc/arm-none-eabi/7.3.1/../../../../arm-none-eabi/lib/thumb/v7-m\libm.a
END GROUP
START GROUP
LOAD c:/st/stm32cubeide_1.4.0/stm32cubeide/plugins/com.st.stm32cube.ide.mcu.externaltools.gnu-tools-for-stm32.7-2018-q2-update.win32_1.5.0.202011040924/tools/bin/../lib/gcc/arm-none-eabi/7.3.1/thumb/v7-m\libgcc.a
LOAD c:/st/stm32cubeide_1.4.0/stm32cubeide/plugins/com.st.stm32cube.ide.mcu.externaltools.gnu-tools-for-stm32.7-2018-q2-update.win32_1.5.0.202011040924/tools/bin/../lib/gcc/arm-none-eabi/7.3.1/../../../../arm-none-eabi/lib/thumb/v7-m\libc_nano.a
END GROUP
START GROUP
LOAD c:/st/stm32cubeide_1.4.0/stm32cubeide/plugins/com.st.stm32cube.ide.mcu.externaltools.gnu-tools-for-stm32.7-2018-q2-update.win32_1.5.0.202011040924/tools/bin/../lib/gcc/arm-none-eabi/7.3.1/thumb/v7-m\libgcc.a
LOAD c:/st/stm32cubeide_1.4.0/stm32cubeide/plugins/com.st.stm32cube.ide.mcu.externaltools.gnu-tools-for-stm32.7-2018-q2-update.win32_1.5.0.202011040924/tools/bin/../lib/gcc/arm-none-eabi/7.3.1/../../../../arm-none-eabi/lib/thumb/v7-m\libc_nano.a
LOAD c:/st/stm32cubeide_1.4.0/stm32cubeide/plugins/com.st.stm32cube.ide.mcu.externaltools.gnu-tools-for-stm32.7-2018-q2-update.win32_1.5.0.202011040924/tools/bin/../lib/gcc/arm-none-eabi/7.3.1/../../../../arm-none-eabi/lib/thumb/v7-m\libnosys.a
END GROUP
START GROUP
LOAD c:/st/stm32cubeide_1.4.0/stm32cubeide/plugins/com.st.stm32cube.ide.mcu.externaltools.gnu-tools-for-stm32.7-2018-q2-update.win32_1.5.0.202011040924/tools/bin/../lib/gcc/arm-none-eabi/7.3.1/thumb/v7-m\libgcc.a
LOAD c:/st/stm32cubeide_1.4.0/stm32cubeide/plugins/com.st.stm32cube.ide.mcu.externaltools.gnu-tools-for-stm32.7-2018-q2-update.win32_1.5.0.202011040924/tools/bin/../lib/gcc/arm-none-eabi/7.3.1/../../../../arm-none-eabi/lib/thumb/v7-m\libc_nano.a
LOAD c:/st/stm32cubeide_1.4.0/stm32cubeide/plugins/com.st.stm32cube.ide.mcu.externaltools.gnu-tools-for-stm32.7-2018-q2-update.win32_1.5.0.202011040924/tools/bin/../lib/gcc/arm-none-eabi/7.3.1/../../../../arm-none-eabi/lib/thumb/v7-m\libnosys.a
END GROUP
LOAD c:/st/stm32cubeide_1.4.0/stm32cubeide/plugins/com.st.stm32cube.ide.mcu.externaltools.gnu-tools-for-stm32.7-2018-q2-update.win32_1.5.0.202011040924/tools/bin/../lib/gcc/arm-none-eabi/7.3.1/thumb/v7-m/crtend.o
LOAD c:/st/stm32cubeide_1.4.0/stm32cubeide/plugins/com.st.stm32cube.ide.mcu.externaltools.gnu-tools-for-stm32.7-2018-q2-update.win32_1.5.0.202011040924/tools/bin/../lib/gcc/arm-none-eabi/7.3.1/thumb/v7-m/crtn.o
                0x0000000020005000                _estack = (ORIGIN (RAM) + LENGTH (RAM))
                0x0000000000000200                _Min_Heap_Size = 0x200
                0x0000000000000400                _Min_Stack_Size = 0x400

.isr_vector     0x0000000008000000      0x10c
                0x0000000008000000                . = ALIGN (0x4)
 *(.isr_vector)
 .isr_vector    0x0000000008000000      0x10c Core/Startup/startup_stm32f103c8tx.o
                0x0000000008000000                g_pfnVectors
                0x000000000800010c                . = ALIGN (0x4)

.text           0x0000000008000110     0x49f8
                0x0000000008000110                . = ALIGN (0x4)
 *(.text)
 .text          0x0000000008000110       0x40 c:/st/stm32cubeide_1.4.0/stm32cubeide/plugins/com.st.stm32cube.ide.mcu.externaltools.gnu-tools-for-stm32.7-2018-q2-update.win32_1.5.0.202011040924/tools/bin/../lib/gcc/arm-none-eabi/7.3.1/thumb/v7-m/crtbegin.o
 .text          0x0000000008000150       0x10 c:/st/stm32cubeide_1.4.0/stm32cubeide/plugins/com.st.stm32cube.ide.mcu.externaltools.gnu-tools-for-stm32.7-2018-q2-update.win32_1.5.0.202011040924/tools/bin/../lib/gcc/arm-none-eabi/7.3.1/../../../../arm-none-eabi/lib/thumb/v7-m\libc_nano.a(lib_a-strlen.o)
                0x0000000008000150                strlen
 *(.text*)
 .text.wizchip_select
                0x0000000008000160       0x10 Core/Src/main.o
                0x0000000008000160                wizchip_select
 .text.wizchip_deselect
                0x0000000008000170       0x10 Core/Src/main.o
                0x0000000008000170                wizchip_deselect
 .text.StartReadInput1
                0x0000000008000180       0x40 Core/Src/main.o
                0x0000000008000180                StartReadInput1
 .text.StartReadInput2
                0x00000000080001c0       0x40 Core/Src/main.o
                0x00000000080001c0                StartReadInput2
 .text.StartReadInput3
                0x0000000008000200       0x4c Core/Src/main.o
                0x0000000008000200                StartReadInput3
 .text.StartReadInput4
                0x000000000800024c       0x40 Core/Src/main.o
                0x000000000800024c                StartReadInput4
 .text.SystemClock_Config
                0x000000000800028c       0x50 Core/Src/main.o
                0x000000000800028c                SystemClock_Config
 .text.W5500_rxtx
                0x00000000080002dc       0x28 Core/Src/main.o
                0x00000000080002dc                W5500_rxtx
 .text.wizchip_write
                0x0000000008000304        0x4 Core/Src/main.o
                0x0000000008000304                wizchip_write
 .text.wizchip_read
                0x0000000008000308        0x6 Core/Src/main.o
                0x0000000008000308                wizchip_read
 *fill*         0x000000000800030e        0x2 
 .text.network_init
                0x0000000008000310       0x1c Core/Src/main.o
                0x0000000008000310                network_init
 .text.save_to_flash
                0x000000000800032c       0xe0 Core/Src/main.o
                0x000000000800032c                save_to_flash
 .text.read_flash
                0x000000000800040c       0x4e Core/Src/main.o
                0x000000000800040c                read_flash
 .text.strremove
                0x000000000800045a       0x52 Core/Src/main.o
                0x000000000800045a                strremove
 .text.configNetwork
                0x00000000080004ac      0x214 Core/Src/main.o
                0x00000000080004ac                configNetwork
 .text.tcp_http_mt
                0x00000000080006c0      0x4b8 Core/Src/main.o
                0x00000000080006c0                tcp_http_mt
 .text.StartEthernet
                0x0000000008000b78       0x34 Core/Src/main.o
                0x0000000008000b78                StartEthernet
 .text.startup.main
                0x0000000008000bac      0x218 Core/Src/main.o
                0x0000000008000bac                main
 .text.HAL_TIM_PeriodElapsedCallback
                0x0000000008000dc4       0x14 Core/Src/main.o
                0x0000000008000dc4                HAL_TIM_PeriodElapsedCallback
 .text.HAL_MspInit
                0x0000000008000dd8       0x50 Core/Src/stm32f1xx_hal_msp.o
                0x0000000008000dd8                HAL_MspInit
 .text.HAL_I2C_MspInit
                0x0000000008000e28       0x64 Core/Src/stm32f1xx_hal_msp.o
                0x0000000008000e28                HAL_I2C_MspInit
 .text.HAL_SPI_MspInit
                0x0000000008000e8c       0x78 Core/Src/stm32f1xx_hal_msp.o
                0x0000000008000e8c                HAL_SPI_MspInit
 .text.HAL_InitTick
                0x0000000008000f04       0x78 Core/Src/stm32f1xx_hal_timebase_tim.o
                0x0000000008000f04                HAL_InitTick
 .text.NMI_Handler
                0x0000000008000f7c        0x2 Core/Src/stm32f1xx_it.o
                0x0000000008000f7c                NMI_Handler
 .text.HardFault_Handler
                0x0000000008000f7e        0x2 Core/Src/stm32f1xx_it.o
                0x0000000008000f7e                HardFault_Handler
 .text.MemManage_Handler
                0x0000000008000f80        0x2 Core/Src/stm32f1xx_it.o
                0x0000000008000f80                MemManage_Handler
 .text.BusFault_Handler
                0x0000000008000f82        0x2 Core/Src/stm32f1xx_it.o
                0x0000000008000f82                BusFault_Handler
 .text.UsageFault_Handler
                0x0000000008000f84        0x2 Core/Src/stm32f1xx_it.o
                0x0000000008000f84                UsageFault_Handler
 .text.DebugMon_Handler
                0x0000000008000f86        0x2 Core/Src/stm32f1xx_it.o
                0x0000000008000f86                DebugMon_Handler
 .text.TIM1_UP_IRQHandler
                0x0000000008000f88        0xc Core/Src/stm32f1xx_it.o
                0x0000000008000f88                TIM1_UP_IRQHandler
 .text._sbrk    0x0000000008000f94       0x40 Core/Src/sysmem.o
                0x0000000008000f94                _sbrk
 .text.SystemInit
                0x0000000008000fd4        0x2 Core/Src/system_stm32f1xx.o
                0x0000000008000fd4                SystemInit
 *fill*         0x0000000008000fd6        0x2 
 .text.Reset_Handler
                0x0000000008000fd8       0x48 Core/Startup/startup_stm32f103c8tx.o
                0x0000000008000fd8                Reset_Handler
 .text.Default_Handler
                0x0000000008001020        0x2 Core/Startup/startup_stm32f103c8tx.o
                0x0000000008001020                RTC_Alarm_IRQHandler
                0x0000000008001020                EXTI2_IRQHandler
                0x0000000008001020                TIM1_CC_IRQHandler
                0x0000000008001020                PVD_IRQHandler
                0x0000000008001020                EXTI3_IRQHandler
                0x0000000008001020                EXTI0_IRQHandler
                0x0000000008001020                I2C2_EV_IRQHandler
                0x0000000008001020                ADC1_2_IRQHandler
                0x0000000008001020                SPI1_IRQHandler
                0x0000000008001020                TAMPER_IRQHandler
                0x0000000008001020                DMA1_Channel4_IRQHandler
                0x0000000008001020                USART3_IRQHandler
                0x0000000008001020                RTC_IRQHandler
                0x0000000008001020                DMA1_Channel7_IRQHandler
                0x0000000008001020                CAN1_RX1_IRQHandler
                0x0000000008001020                TIM4_IRQHandler
                0x0000000008001020                I2C1_EV_IRQHandler
                0x0000000008001020                DMA1_Channel6_IRQHandler
                0x0000000008001020                TIM3_IRQHandler
                0x0000000008001020                RCC_IRQHandler
                0x0000000008001020                TIM1_TRG_COM_IRQHandler
                0x0000000008001020                DMA1_Channel1_IRQHandler
                0x0000000008001020                Default_Handler
                0x0000000008001020                EXTI15_10_IRQHandler
                0x0000000008001020                EXTI9_5_IRQHandler
                0x0000000008001020                SPI2_IRQHandler
                0x0000000008001020                DMA1_Channel5_IRQHandler
                0x0000000008001020                EXTI4_IRQHandler
                0x0000000008001020                USB_LP_CAN1_RX0_IRQHandler
                0x0000000008001020                USB_HP_CAN1_TX_IRQHandler
                0x0000000008001020                DMA1_Channel3_IRQHandler
                0x0000000008001020                WWDG_IRQHandler
                0x0000000008001020                TIM2_IRQHandler
                0x0000000008001020                TIM1_BRK_IRQHandler
                0x0000000008001020                EXTI1_IRQHandler
                0x0000000008001020                USART2_IRQHandler
                0x0000000008001020                I2C2_ER_IRQHandler
                0x0000000008001020                DMA1_Channel2_IRQHandler
                0x0000000008001020                CAN1_SCE_IRQHandler
                0x0000000008001020                FLASH_IRQHandler
                0x0000000008001020                USART1_IRQHandler
                0x0000000008001020                I2C1_ER_IRQHandler
                0x0000000008001020                USBWakeUp_IRQHandler
 *fill*         0x0000000008001022        0x2 
 .text.close    0x0000000008001024       0x6c Drivers/ETHERNET/scr/socket.o
                0x0000000008001024                close
 .text.socket   0x0000000008001090      0x10c Drivers/ETHERNET/scr/socket.o
                0x0000000008001090                socket
 .text.listen   0x000000000800119c       0x74 Drivers/ETHERNET/scr/socket.o
                0x000000000800119c                listen
 .text.disconnect
                0x0000000008001210       0x88 Drivers/ETHERNET/scr/socket.o
                0x0000000008001210                disconnect
 .text.send     0x0000000008001298      0x11c Drivers/ETHERNET/scr/socket.o
                0x0000000008001298                send
 .text.recv     0x00000000080013b4       0xdc Drivers/ETHERNET/scr/socket.o
                0x00000000080013b4                recv
 .text.WIZCHIP_READ
                0x0000000008001490       0x3c Drivers/ETHERNET/scr/w5500.o
                0x0000000008001490                WIZCHIP_READ
 .text.WIZCHIP_WRITE
                0x00000000080014cc       0x40 Drivers/ETHERNET/scr/w5500.o
                0x00000000080014cc                WIZCHIP_WRITE
 .text.WIZCHIP_READ_BUF
                0x000000000800150c       0x4c Drivers/ETHERNET/scr/w5500.o
                0x000000000800150c                WIZCHIP_READ_BUF
 .text.WIZCHIP_WRITE_BUF
                0x0000000008001558       0x50 Drivers/ETHERNET/scr/w5500.o
                0x0000000008001558                WIZCHIP_WRITE_BUF
 .text.getSn_TX_FSR
                0x00000000080015a8       0x42 Drivers/ETHERNET/scr/w5500.o
                0x00000000080015a8                getSn_TX_FSR
 .text.getSn_RX_RSR
                0x00000000080015ea       0x42 Drivers/ETHERNET/scr/w5500.o
                0x00000000080015ea                getSn_RX_RSR
 .text.wiz_send_data
                0x000000000800162c       0x58 Drivers/ETHERNET/scr/w5500.o
                0x000000000800162c                wiz_send_data
 .text.wiz_recv_data
                0x0000000008001684       0x58 Drivers/ETHERNET/scr/w5500.o
                0x0000000008001684                wiz_recv_data
 .text.wizchip_cris_enter
                0x00000000080016dc        0x2 Drivers/ETHERNET/scr/wizchip_conf.o
                0x00000000080016dc                wizchip_cris_enter
 .text.wizchip_bus_readbyte
                0x00000000080016de        0x4 Drivers/ETHERNET/scr/wizchip_conf.o
                0x00000000080016de                wizchip_bus_readbyte
 .text.wizchip_bus_writebyte
                0x00000000080016e2        0x4 Drivers/ETHERNET/scr/wizchip_conf.o
                0x00000000080016e2                wizchip_bus_writebyte
 .text.wizchip_spi_readbyte
                0x00000000080016e6        0x4 Drivers/ETHERNET/scr/wizchip_conf.o
                0x00000000080016e6                wizchip_spi_readbyte
 .text.wizchip_spi_writebyte
                0x00000000080016ea        0x2 Drivers/ETHERNET/scr/wizchip_conf.o
                0x00000000080016ea                wizchip_spi_writebyte
 .text.wizchip_cs_deselect
                0x00000000080016ec        0x2 Drivers/ETHERNET/scr/wizchip_conf.o
                0x00000000080016ec                wizchip_cs_deselect
 .text.wizchip_cris_exit
                0x00000000080016ee        0x2 Drivers/ETHERNET/scr/wizchip_conf.o
                0x00000000080016ee                wizchip_cris_exit
 .text.wizchip_cs_select
                0x00000000080016f0        0x2 Drivers/ETHERNET/scr/wizchip_conf.o
                0x00000000080016f0                wizchip_cs_select
 *fill*         0x00000000080016f2        0x2 
 .text.reg_wizchip_cs_cbfunc
                0x00000000080016f4       0x24 Drivers/ETHERNET/scr/wizchip_conf.o
                0x00000000080016f4                reg_wizchip_cs_cbfunc
 .text.reg_wizchip_spi_cbfunc
                0x0000000008001718       0x30 Drivers/ETHERNET/scr/wizchip_conf.o
                0x0000000008001718                reg_wizchip_spi_cbfunc
 .text.wizchip_sw_reset
                0x0000000008001748       0x7a Drivers/ETHERNET/scr/wizchip_conf.o
                0x0000000008001748                wizchip_sw_reset
 .text.wizchip_init
                0x00000000080017c2       0x7a Drivers/ETHERNET/scr/wizchip_conf.o
                0x00000000080017c2                wizchip_init
 .text.wizchip_clrinterrupt
                0x000000000800183c       0x1e Drivers/ETHERNET/scr/wizchip_conf.o
                0x000000000800183c                wizchip_clrinterrupt
 .text.wizchip_getinterrupt
                0x000000000800185a       0x22 Drivers/ETHERNET/scr/wizchip_conf.o
                0x000000000800185a                wizchip_getinterrupt
 .text.wizchip_setinterruptmask
                0x000000000800187c       0x1c Drivers/ETHERNET/scr/wizchip_conf.o
                0x000000000800187c                wizchip_setinterruptmask
 .text.wizchip_getinterruptmask
                0x0000000008001898       0x1c Drivers/ETHERNET/scr/wizchip_conf.o
                0x0000000008001898                wizchip_getinterruptmask
 .text.wizphy_getphylink
                0x00000000080018b4       0x10 Drivers/ETHERNET/scr/wizchip_conf.o
                0x00000000080018b4                wizphy_getphylink
 .text.wizphy_getphypmode
                0x00000000080018c4       0x16 Drivers/ETHERNET/scr/wizchip_conf.o
                0x00000000080018c4                wizphy_getphypmode
 .text.wizphy_reset
                0x00000000080018da       0x30 Drivers/ETHERNET/scr/wizchip_conf.o
                0x00000000080018da                wizphy_reset
 .text.wizphy_setphyconf
                0x000000000800190a       0x46 Drivers/ETHERNET/scr/wizchip_conf.o
                0x000000000800190a                wizphy_setphyconf
 .text.wizphy_getphyconf
                0x0000000008001950       0x68 Drivers/ETHERNET/scr/wizchip_conf.o
                0x0000000008001950                wizphy_getphyconf
 .text.wizphy_setphypmode
                0x00000000080019b8       0x4e Drivers/ETHERNET/scr/wizchip_conf.o
                0x00000000080019b8                wizphy_setphypmode
 *fill*         0x0000000008001a06        0x2 
 .text.ctlwizchip
                0x0000000008001a08       0xdc Drivers/ETHERNET/scr/wizchip_conf.o
                0x0000000008001a08                ctlwizchip
 .text.wizchip_setnetinfo
                0x0000000008001ae4       0x5c Drivers/ETHERNET/scr/wizchip_conf.o
                0x0000000008001ae4                wizchip_setnetinfo
 .text.wizchip_getnetinfo
                0x0000000008001b40       0x5c Drivers/ETHERNET/scr/wizchip_conf.o
                0x0000000008001b40                wizchip_getnetinfo
 .text.wizchip_setnetmode
                0x0000000008001b9c       0x26 Drivers/ETHERNET/scr/wizchip_conf.o
                0x0000000008001b9c                wizchip_setnetmode
 .text.wizchip_getnetmode
                0x0000000008001bc2        0x6 Drivers/ETHERNET/scr/wizchip_conf.o
                0x0000000008001bc2                wizchip_getnetmode
 .text.wizchip_settimeout
                0x0000000008001bc8       0x28 Drivers/ETHERNET/scr/wizchip_conf.o
                0x0000000008001bc8                wizchip_settimeout
 .text.wizchip_gettimeout
                0x0000000008001bf0       0x28 Drivers/ETHERNET/scr/wizchip_conf.o
                0x0000000008001bf0                wizchip_gettimeout
 .text.ctlnetwork
                0x0000000008001c18       0x4c Drivers/ETHERNET/scr/wizchip_conf.o
                0x0000000008001c18                ctlnetwork
 .text.HAL_Init
                0x0000000008001c64       0x24 Drivers/STM32F1xx_HAL_Driver/Src/stm32f1xx_hal.o
                0x0000000008001c64                HAL_Init
 .text.HAL_IncTick
                0x0000000008001c88       0x18 Drivers/STM32F1xx_HAL_Driver/Src/stm32f1xx_hal.o
                0x0000000008001c88                HAL_IncTick
 .text.HAL_GetTick
                0x0000000008001ca0        0xc Drivers/STM32F1xx_HAL_Driver/Src/stm32f1xx_hal.o
                0x0000000008001ca0                HAL_GetTick
 .text.HAL_Delay
                0x0000000008001cac       0x24 Drivers/STM32F1xx_HAL_Driver/Src/stm32f1xx_hal.o
                0x0000000008001cac                HAL_Delay
 .text.HAL_NVIC_SetPriorityGrouping
                0x0000000008001cd0       0x24 Drivers/STM32F1xx_HAL_Driver/Src/stm32f1xx_hal_cortex.o
                0x0000000008001cd0                HAL_NVIC_SetPriorityGrouping
 .text.HAL_NVIC_SetPriority
                0x0000000008001cf4       0x68 Drivers/STM32F1xx_HAL_Driver/Src/stm32f1xx_hal_cortex.o
                0x0000000008001cf4                HAL_NVIC_SetPriority
 .text.HAL_NVIC_EnableIRQ
                0x0000000008001d5c       0x1c Drivers/STM32F1xx_HAL_Driver/Src/stm32f1xx_hal_cortex.o
                0x0000000008001d5c                HAL_NVIC_EnableIRQ
 .text.FLASH_SetErrorCode
                0x0000000008001d78       0x50 Drivers/STM32F1xx_HAL_Driver/Src/stm32f1xx_hal_flash.o
 .text.HAL_FLASH_Unlock
                0x0000000008001dc8       0x24 Drivers/STM32F1xx_HAL_Driver/Src/stm32f1xx_hal_flash.o
                0x0000000008001dc8                HAL_FLASH_Unlock
 .text.HAL_FLASH_Lock
                0x0000000008001dec       0x14 Drivers/STM32F1xx_HAL_Driver/Src/stm32f1xx_hal_flash.o
                0x0000000008001dec                HAL_FLASH_Lock
 .text.HAL_FLASH_OB_Unlock
                0x0000000008001e00       0x24 Drivers/STM32F1xx_HAL_Driver/Src/stm32f1xx_hal_flash.o
                0x0000000008001e00                HAL_FLASH_OB_Unlock
 .text.HAL_FLASH_OB_Lock
                0x0000000008001e24       0x14 Drivers/STM32F1xx_HAL_Driver/Src/stm32f1xx_hal_flash.o
                0x0000000008001e24                HAL_FLASH_OB_Lock
 .text.FLASH_WaitForLastOperation
                0x0000000008001e38       0x54 Drivers/STM32F1xx_HAL_Driver/Src/stm32f1xx_hal_flash.o
                0x0000000008001e38                FLASH_WaitForLastOperation
 .text.HAL_FLASH_Program
                0x0000000008001e8c       0xa0 Drivers/STM32F1xx_HAL_Driver/Src/stm32f1xx_hal_flash.o
                0x0000000008001e8c                HAL_FLASH_Program
 .text.FLASH_MassErase.isra.0
                0x0000000008001f2c       0x24 Drivers/STM32F1xx_HAL_Driver/Src/stm32f1xx_hal_flash_ex.o
 .text.FLASH_PageErase
                0x0000000008001f50       0x24 Drivers/STM32F1xx_HAL_Driver/Src/stm32f1xx_hal_flash_ex.o
                0x0000000008001f50                FLASH_PageErase
 .text.HAL_FLASHEx_Erase
                0x0000000008001f74       0x98 Drivers/STM32F1xx_HAL_Driver/Src/stm32f1xx_hal_flash_ex.o
                0x0000000008001f74                HAL_FLASHEx_Erase
 .text.HAL_GPIO_Init
                0x000000000800200c      0x1c0 Drivers/STM32F1xx_HAL_Driver/Src/stm32f1xx_hal_gpio.o
                0x000000000800200c                HAL_GPIO_Init
 .text.HAL_GPIO_ReadPin
                0x00000000080021cc        0xc Drivers/STM32F1xx_HAL_Driver/Src/stm32f1xx_hal_gpio.o
                0x00000000080021cc                HAL_GPIO_ReadPin
 .text.HAL_GPIO_WritePin
                0x00000000080021d8        0xa Drivers/STM32F1xx_HAL_Driver/Src/stm32f1xx_hal_gpio.o
                0x00000000080021d8                HAL_GPIO_WritePin
 *fill*         0x00000000080021e2        0x2 
 .text.HAL_I2C_Init
                0x00000000080021e4      0x158 Drivers/STM32F1xx_HAL_Driver/Src/stm32f1xx_hal_i2c.o
                0x00000000080021e4                HAL_I2C_Init
 .text.HAL_RCC_OscConfig
                0x000000000800233c      0x33c Drivers/STM32F1xx_HAL_Driver/Src/stm32f1xx_hal_rcc.o
                0x000000000800233c                HAL_RCC_OscConfig
 .text.HAL_RCC_GetSysClockFreq
                0x0000000008002678       0x74 Drivers/STM32F1xx_HAL_Driver/Src/stm32f1xx_hal_rcc.o
                0x0000000008002678                HAL_RCC_GetSysClockFreq
 .text.HAL_RCC_ClockConfig
                0x00000000080026ec      0x138 Drivers/STM32F1xx_HAL_Driver/Src/stm32f1xx_hal_rcc.o
                0x00000000080026ec                HAL_RCC_ClockConfig
 .text.HAL_RCC_GetPCLK1Freq
                0x0000000008002824       0x20 Drivers/STM32F1xx_HAL_Driver/Src/stm32f1xx_hal_rcc.o
                0x0000000008002824                HAL_RCC_GetPCLK1Freq
 .text.HAL_RCC_GetPCLK2Freq
                0x0000000008002844       0x20 Drivers/STM32F1xx_HAL_Driver/Src/stm32f1xx_hal_rcc.o
                0x0000000008002844                HAL_RCC_GetPCLK2Freq
 .text.HAL_RCC_GetClockConfig
                0x0000000008002864       0x3c Drivers/STM32F1xx_HAL_Driver/Src/stm32f1xx_hal_rcc.o
                0x0000000008002864                HAL_RCC_GetClockConfig
 .text.SPI_WaitFlagStateUntilTimeout.constprop.6
                0x00000000080028a0       0xac Drivers/STM32F1xx_HAL_Driver/Src/stm32f1xx_hal_spi.o
 .text.SPI_EndRxTxTransaction
                0x000000000800294c       0x1c Drivers/STM32F1xx_HAL_Driver/Src/stm32f1xx_hal_spi.o
 .text.HAL_SPI_Init
                0x0000000008002968       0xb0 Drivers/STM32F1xx_HAL_Driver/Src/stm32f1xx_hal_spi.o
                0x0000000008002968                HAL_SPI_Init
 .text.HAL_SPI_TransmitReceive
                0x0000000008002a18      0x1e0 Drivers/STM32F1xx_HAL_Driver/Src/stm32f1xx_hal_spi.o
                0x0000000008002a18                HAL_SPI_TransmitReceive
 .text.HAL_TIM_Base_MspInit
                0x0000000008002bf8        0x2 Drivers/STM32F1xx_HAL_Driver/Src/stm32f1xx_hal_tim.o
                0x0000000008002bf8                HAL_TIM_Base_MspInit
 *fill*         0x0000000008002bfa        0x2 
 .text.HAL_TIM_Base_Start_IT
                0x0000000008002bfc       0x54 Drivers/STM32F1xx_HAL_Driver/Src/stm32f1xx_hal_tim.o
                0x0000000008002bfc                HAL_TIM_Base_Start_IT
 .text.HAL_TIM_OC_DelayElapsedCallback
                0x0000000008002c50        0x2 Drivers/STM32F1xx_HAL_Driver/Src/stm32f1xx_hal_tim.o
                0x0000000008002c50                HAL_TIM_OC_DelayElapsedCallback
 .text.HAL_TIM_IC_CaptureCallback
                0x0000000008002c52        0x2 Drivers/STM32F1xx_HAL_Driver/Src/stm32f1xx_hal_tim.o
                0x0000000008002c52                HAL_TIM_IC_CaptureCallback
 .text.HAL_TIM_PWM_PulseFinishedCallback
                0x0000000008002c54        0x2 Drivers/STM32F1xx_HAL_Driver/Src/stm32f1xx_hal_tim.o
                0x0000000008002c54                HAL_TIM_PWM_PulseFinishedCallback
 .text.HAL_TIM_TriggerCallback
                0x0000000008002c56        0x2 Drivers/STM32F1xx_HAL_Driver/Src/stm32f1xx_hal_tim.o
                0x0000000008002c56                HAL_TIM_TriggerCallback
 .text.HAL_TIM_IRQHandler
                0x0000000008002c58      0x144 Drivers/STM32F1xx_HAL_Driver/Src/stm32f1xx_hal_tim.o
                0x0000000008002c58                HAL_TIM_IRQHandler
 .text.TIM_Base_SetConfig
                0x0000000008002d9c       0x70 Drivers/STM32F1xx_HAL_Driver/Src/stm32f1xx_hal_tim.o
                0x0000000008002d9c                TIM_Base_SetConfig
 .text.HAL_TIM_Base_Init
                0x0000000008002e0c       0x58 Drivers/STM32F1xx_HAL_Driver/Src/stm32f1xx_hal_tim.o
                0x0000000008002e0c                HAL_TIM_Base_Init
 .text.HAL_TIMEx_CommutCallback
                0x0000000008002e64        0x2 Drivers/STM32F1xx_HAL_Driver/Src/stm32f1xx_hal_tim_ex.o
                0x0000000008002e64                HAL_TIMEx_CommutCallback
 .text.HAL_TIMEx_BreakCallback
                0x0000000008002e66        0x2 Drivers/STM32F1xx_HAL_Driver/Src/stm32f1xx_hal_tim_ex.o
                0x0000000008002e66                HAL_TIMEx_BreakCallback
 .text.osKernelInitialize
                0x0000000008002e68       0x38 Middlewares/Third_Party/FreeRTOS/Source/CMSIS_RTOS_V2/cmsis_os2.o
                0x0000000008002e68                osKernelInitialize
 .text.osKernelStart
                0x0000000008002ea0       0x40 Middlewares/Third_Party/FreeRTOS/Source/CMSIS_RTOS_V2/cmsis_os2.o
                0x0000000008002ea0                osKernelStart
 .text.osThreadNew
                0x0000000008002ee0       0xb8 Middlewares/Third_Party/FreeRTOS/Source/CMSIS_RTOS_V2/cmsis_os2.o
                0x0000000008002ee0                osThreadNew
 .text.osDelay  0x0000000008002f98       0x38 Middlewares/Third_Party/FreeRTOS/Source/CMSIS_RTOS_V2/cmsis_os2.o
                0x0000000008002f98                osDelay
 .text.vApplicationGetIdleTaskMemory
                0x0000000008002fd0       0x18 Middlewares/Third_Party/FreeRTOS/Source/CMSIS_RTOS_V2/cmsis_os2.o
                0x0000000008002fd0                vApplicationGetIdleTaskMemory
 .text.vApplicationGetTimerTaskMemory
                0x0000000008002fe8       0x18 Middlewares/Third_Party/FreeRTOS/Source/CMSIS_RTOS_V2/cmsis_os2.o
                0x0000000008002fe8                vApplicationGetTimerTaskMemory
 .text.vListInitialise
                0x0000000008003000       0x16 Middlewares/Third_Party/FreeRTOS/Source/list.o
                0x0000000008003000                vListInitialise
 .text.vListInitialiseItem
                0x0000000008003016        0x6 Middlewares/Third_Party/FreeRTOS/Source/list.o
                0x0000000008003016                vListInitialiseItem
 .text.vListInsertEnd
                0x000000000800301c       0x18 Middlewares/Third_Party/FreeRTOS/Source/list.o
                0x000000000800301c                vListInsertEnd
 .text.vListInsert
                0x0000000008003034       0x2e Middlewares/Third_Party/FreeRTOS/Source/list.o
                0x0000000008003034                vListInsert
 .text.uxListRemove
                0x0000000008003062       0x22 Middlewares/Third_Party/FreeRTOS/Source/list.o
                0x0000000008003062                uxListRemove
 .text.prvIsQueueEmpty
                0x0000000008003084       0x16 Middlewares/Third_Party/FreeRTOS/Source/queue.o
 .text.prvCopyDataToQueue
                0x000000000800309a       0x66 Middlewares/Third_Party/FreeRTOS/Source/queue.o
 .text.prvCopyDataFromQueue
                0x0000000008003100       0x28 Middlewares/Third_Party/FreeRTOS/Source/queue.o
 .text.prvUnlockQueue
                0x0000000008003128       0x70 Middlewares/Third_Party/FreeRTOS/Source/queue.o
 .text.xQueueGenericReset
                0x0000000008003198       0x80 Middlewares/Third_Party/FreeRTOS/Source/queue.o
                0x0000000008003198                xQueueGenericReset
 .text.xQueueGenericCreateStatic
                0x0000000008003218       0x9a Middlewares/Third_Party/FreeRTOS/Source/queue.o
                0x0000000008003218                xQueueGenericCreateStatic
 *fill*         0x00000000080032b2        0x2 
 .text.xQueueGenericSend
                0x00000000080032b4      0x164 Middlewares/Third_Party/FreeRTOS/Source/queue.o
                0x00000000080032b4                xQueueGenericSend
 .text.xQueueGenericSendFromISR
                0x0000000008003418       0xc2 Middlewares/Third_Party/FreeRTOS/Source/queue.o
                0x0000000008003418                xQueueGenericSendFromISR
 *fill*         0x00000000080034da        0x2 
 .text.xQueueReceive
                0x00000000080034dc      0x140 Middlewares/Third_Party/FreeRTOS/Source/queue.o
                0x00000000080034dc                xQueueReceive
 .text.vQueueAddToRegistry
                0x000000000800361c       0x24 Middlewares/Third_Party/FreeRTOS/Source/queue.o
                0x000000000800361c                vQueueAddToRegistry
 .text.vQueueWaitForMessageRestricted
                0x0000000008003640       0x46 Middlewares/Third_Party/FreeRTOS/Source/queue.o
                0x0000000008003640                vQueueWaitForMessageRestricted
 *fill*         0x0000000008003686        0x2 
 .text.prvAddNewTaskToReadyList
                0x0000000008003688      0x100 Middlewares/Third_Party/FreeRTOS/Source/tasks.o
 .text.prvDeleteTCB
                0x0000000008003788       0x36 Middlewares/Third_Party/FreeRTOS/Source/tasks.o
 *fill*         0x00000000080037be        0x2 
 .text.prvIdleTask
                0x00000000080037c0       0x64 Middlewares/Third_Party/FreeRTOS/Source/tasks.o
 .text.prvResetNextTaskUnblockTime
                0x0000000008003824       0x24 Middlewares/Third_Party/FreeRTOS/Source/tasks.o
 .text.prvInitialiseNewTask.isra.2
                0x0000000008003848       0x86 Middlewares/Third_Party/FreeRTOS/Source/tasks.o
 *fill*         0x00000000080038ce        0x2 
 .text.prvAddCurrentTaskToDelayedList
                0x00000000080038d0       0x74 Middlewares/Third_Party/FreeRTOS/Source/tasks.o
 .text.xTaskCreateStatic
                0x0000000008003944       0x6e Middlewares/Third_Party/FreeRTOS/Source/tasks.o
                0x0000000008003944                xTaskCreateStatic
 .text.xTaskCreate
                0x00000000080039b2       0x5a Middlewares/Third_Party/FreeRTOS/Source/tasks.o
                0x00000000080039b2                xTaskCreate
 .text.vTaskStartScheduler
                0x0000000008003a0c       0x88 Middlewares/Third_Party/FreeRTOS/Source/tasks.o
                0x0000000008003a0c                vTaskStartScheduler
 .text.vTaskSuspendAll
                0x0000000008003a94       0x10 Middlewares/Third_Party/FreeRTOS/Source/tasks.o
                0x0000000008003a94                vTaskSuspendAll
 .text.xTaskGetTickCount
                0x0000000008003aa4        0xc Middlewares/Third_Party/FreeRTOS/Source/tasks.o
                0x0000000008003aa4                xTaskGetTickCount
 .text.xTaskIncrementTick
                0x0000000008003ab0      0x120 Middlewares/Third_Party/FreeRTOS/Source/tasks.o
                0x0000000008003ab0                xTaskIncrementTick
 .text.xTaskResumeAll
                0x0000000008003bd0       0xe8 Middlewares/Third_Party/FreeRTOS/Source/tasks.o
                0x0000000008003bd0                xTaskResumeAll
 .text.vTaskDelay
                0x0000000008003cb8       0x48 Middlewares/Third_Party/FreeRTOS/Source/tasks.o
                0x0000000008003cb8                vTaskDelay
 .text.vTaskSwitchContext
                0x0000000008003d00       0x78 Middlewares/Third_Party/FreeRTOS/Source/tasks.o
                0x0000000008003d00                vTaskSwitchContext
 .text.vTaskPlaceOnEventList
                0x0000000008003d78       0x34 Middlewares/Third_Party/FreeRTOS/Source/tasks.o
                0x0000000008003d78                vTaskPlaceOnEventList
 .text.vTaskPlaceOnEventListRestricted
                0x0000000008003dac       0x40 Middlewares/Third_Party/FreeRTOS/Source/tasks.o
                0x0000000008003dac                vTaskPlaceOnEventListRestricted
 .text.xTaskRemoveFromEventList
                0x0000000008003dec       0x80 Middlewares/Third_Party/FreeRTOS/Source/tasks.o
                0x0000000008003dec                xTaskRemoveFromEventList
 .text.vTaskInternalSetTimeOutState
                0x0000000008003e6c       0x18 Middlewares/Third_Party/FreeRTOS/Source/tasks.o
                0x0000000008003e6c                vTaskInternalSetTimeOutState
 .text.xTaskCheckForTimeOut
                0x0000000008003e84       0x78 Middlewares/Third_Party/FreeRTOS/Source/tasks.o
                0x0000000008003e84                xTaskCheckForTimeOut
 .text.vTaskMissedYield
                0x0000000008003efc        0xc Middlewares/Third_Party/FreeRTOS/Source/tasks.o
                0x0000000008003efc                vTaskMissedYield
 .text.xTaskGetSchedulerState
                0x0000000008003f08       0x20 Middlewares/Third_Party/FreeRTOS/Source/tasks.o
                0x0000000008003f08                xTaskGetSchedulerState
 .text.xTaskPriorityDisinherit
                0x0000000008003f28       0x84 Middlewares/Third_Party/FreeRTOS/Source/tasks.o
                0x0000000008003f28                xTaskPriorityDisinherit
 .text.prvCheckForValidListAndQueue
                0x0000000008003fac       0x68 Middlewares/Third_Party/FreeRTOS/Source/timers.o
 .text.prvInsertTimerInActiveList
                0x0000000008004014       0x3c Middlewares/Third_Party/FreeRTOS/Source/timers.o
 .text.xTimerCreateTimerTask
                0x0000000008004050       0x64 Middlewares/Third_Party/FreeRTOS/Source/timers.o
                0x0000000008004050                xTimerCreateTimerTask
 .text.xTimerGenericCommand
                0x00000000080040b4       0x58 Middlewares/Third_Party/FreeRTOS/Source/timers.o
                0x00000000080040b4                xTimerGenericCommand
 .text.prvSwitchTimerLists
                0x000000000800410c       0x7c Middlewares/Third_Party/FreeRTOS/Source/timers.o
 .text.prvTimerTask
                0x0000000008004188      0x1d0 Middlewares/Third_Party/FreeRTOS/Source/timers.o
 .text.prvTaskExitError
                0x0000000008004358       0x40 Middlewares/Third_Party/FreeRTOS/Source/portable/GCC/ARM_CM3/port.o
 .text.unlikely.prvPortStartFirstTask
                0x0000000008004398       0x20 Middlewares/Third_Party/FreeRTOS/Source/portable/GCC/ARM_CM3/port.o
 .text.pxPortInitialiseStack
                0x00000000080043b8       0x24 Middlewares/Third_Party/FreeRTOS/Source/portable/GCC/ARM_CM3/port.o
                0x00000000080043b8                pxPortInitialiseStack
 *fill*         0x00000000080043dc        0x4 
 .text.SVC_Handler
                0x00000000080043e0       0x24 Middlewares/Third_Party/FreeRTOS/Source/portable/GCC/ARM_CM3/port.o
                0x00000000080043e0                SVC_Handler
 .text.vPortEnterCritical
                0x0000000008004404       0x44 Middlewares/Third_Party/FreeRTOS/Source/portable/GCC/ARM_CM3/port.o
                0x0000000008004404                vPortEnterCritical
 .text.vPortExitCritical
                0x0000000008004448       0x28 Middlewares/Third_Party/FreeRTOS/Source/portable/GCC/ARM_CM3/port.o
                0x0000000008004448                vPortExitCritical
 .text.PendSV_Handler
                0x0000000008004470       0x44 Middlewares/Third_Party/FreeRTOS/Source/portable/GCC/ARM_CM3/port.o
                0x0000000008004470                PendSV_Handler
 .text.SysTick_Handler
                0x00000000080044b4       0x2c Middlewares/Third_Party/FreeRTOS/Source/portable/GCC/ARM_CM3/port.o
                0x00000000080044b4                SysTick_Handler
 .text.vPortSetupTimerInterrupt
                0x00000000080044e0       0x34 Middlewares/Third_Party/FreeRTOS/Source/portable/GCC/ARM_CM3/port.o
                0x00000000080044e0                vPortSetupTimerInterrupt
 .text.xPortStartScheduler
                0x0000000008004514       0xb4 Middlewares/Third_Party/FreeRTOS/Source/portable/GCC/ARM_CM3/port.o
                0x0000000008004514                xPortStartScheduler
 .text.vPortValidateInterruptPriority
                0x00000000080045c8       0x5c Middlewares/Third_Party/FreeRTOS/Source/portable/GCC/ARM_CM3/port.o
                0x00000000080045c8                vPortValidateInterruptPriority
 .text.unlikely.prvInsertBlockIntoFreeList
                0x0000000008004624       0x48 Middlewares/Third_Party/FreeRTOS/Source/portable/MemMang/heap_4.o
 .text.pvPortMalloc
                0x000000000800466c      0x118 Middlewares/Third_Party/FreeRTOS/Source/portable/MemMang/heap_4.o
                0x000000000800466c                pvPortMalloc
 .text.vPortFree
                0x0000000008004784       0x70 Middlewares/Third_Party/FreeRTOS/Source/portable/MemMang/heap_4.o
                0x0000000008004784                vPortFree
 .text.__errno  0x00000000080047f4        0xc c:/st/stm32cubeide_1.4.0/stm32cubeide/plugins/com.st.stm32cube.ide.mcu.externaltools.gnu-tools-for-stm32.7-2018-q2-update.win32_1.5.0.202011040924/tools/bin/../lib/gcc/arm-none-eabi/7.3.1/../../../../arm-none-eabi/lib/thumb/v7-m\libc_nano.a(lib_a-errno.o)
                0x00000000080047f4                __errno
 .text.__libc_init_array
                0x0000000008004800       0x48 c:/st/stm32cubeide_1.4.0/stm32cubeide/plugins/com.st.stm32cube.ide.mcu.externaltools.gnu-tools-for-stm32.7-2018-q2-update.win32_1.5.0.202011040924/tools/bin/../lib/gcc/arm-none-eabi/7.3.1/../../../../arm-none-eabi/lib/thumb/v7-m\libc_nano.a(lib_a-init.o)
                0x0000000008004800                __libc_init_array
 .text.memcmp   0x0000000008004848       0x1e c:/st/stm32cubeide_1.4.0/stm32cubeide/plugins/com.st.stm32cube.ide.mcu.externaltools.gnu-tools-for-stm32.7-2018-q2-update.win32_1.5.0.202011040924/tools/bin/../lib/gcc/arm-none-eabi/7.3.1/../../../../arm-none-eabi/lib/thumb/v7-m\libc_nano.a(lib_a-memcmp.o)
                0x0000000008004848                memcmp
 .text.memcpy   0x0000000008004866       0x16 c:/st/stm32cubeide_1.4.0/stm32cubeide/plugins/com.st.stm32cube.ide.mcu.externaltools.gnu-tools-for-stm32.7-2018-q2-update.win32_1.5.0.202011040924/tools/bin/../lib/gcc/arm-none-eabi/7.3.1/../../../../arm-none-eabi/lib/thumb/v7-m\libc_nano.a(lib_a-memcpy-stub.o)
                0x0000000008004866                memcpy
 .text.memmove  0x000000000800487c       0x32 c:/st/stm32cubeide_1.4.0/stm32cubeide/plugins/com.st.stm32cube.ide.mcu.externaltools.gnu-tools-for-stm32.7-2018-q2-update.win32_1.5.0.202011040924/tools/bin/../lib/gcc/arm-none-eabi/7.3.1/../../../../arm-none-eabi/lib/thumb/v7-m\libc_nano.a(lib_a-memmove.o)
                0x000000000800487c                memmove
 .text.memset   0x00000000080048ae       0x10 c:/st/stm32cubeide_1.4.0/stm32cubeide/plugins/com.st.stm32cube.ide.mcu.externaltools.gnu-tools-for-stm32.7-2018-q2-update.win32_1.5.0.202011040924/tools/bin/../lib/gcc/arm-none-eabi/7.3.1/../../../../arm-none-eabi/lib/thumb/v7-m\libc_nano.a(lib_a-memset.o)
                0x00000000080048ae                memset
 .text.strcat   0x00000000080048be       0x1e c:/st/stm32cubeide_1.4.0/stm32cubeide/plugins/com.st.stm32cube.ide.mcu.externaltools.gnu-tools-for-stm32.7-2018-q2-update.win32_1.5.0.202011040924/tools/bin/../lib/gcc/arm-none-eabi/7.3.1/../../../../arm-none-eabi/lib/thumb/v7-m\libc_nano.a(lib_a-strcat.o)
                0x00000000080048be                strcat
 .text.strchr   0x00000000080048dc       0x1a c:/st/stm32cubeide_1.4.0/stm32cubeide/plugins/com.st.stm32cube.ide.mcu.externaltools.gnu-tools-for-stm32.7-2018-q2-update.win32_1.5.0.202011040924/tools/bin/../lib/gcc/arm-none-eabi/7.3.1/../../../../arm-none-eabi/lib/thumb/v7-m\libc_nano.a(lib_a-strchr.o)
                0x00000000080048dc                strchr
 .text.strcpy   0x00000000080048f6       0x10 c:/st/stm32cubeide_1.4.0/stm32cubeide/plugins/com.st.stm32cube.ide.mcu.externaltools.gnu-tools-for-stm32.7-2018-q2-update.win32_1.5.0.202011040924/tools/bin/../lib/gcc/arm-none-eabi/7.3.1/../../../../arm-none-eabi/lib/thumb/v7-m\libc_nano.a(lib_a-strcpy.o)
                0x00000000080048f6                strcpy
 .text.strncmp  0x0000000008004906       0x24 c:/st/stm32cubeide_1.4.0/stm32cubeide/plugins/com.st.stm32cube.ide.mcu.externaltools.gnu-tools-for-stm32.7-2018-q2-update.win32_1.5.0.202011040924/tools/bin/../lib/gcc/arm-none-eabi/7.3.1/../../../../arm-none-eabi/lib/thumb/v7-m\libc_nano.a(lib_a-strncmp.o)
                0x0000000008004906                strncmp
 .text.strstr   0x000000000800492a       0x34 c:/st/stm32cubeide_1.4.0/stm32cubeide/plugins/com.st.stm32cube.ide.mcu.externaltools.gnu-tools-for-stm32.7-2018-q2-update.win32_1.5.0.202011040924/tools/bin/../lib/gcc/arm-none-eabi/7.3.1/../../../../arm-none-eabi/lib/thumb/v7-m\libc_nano.a(lib_a-strstr.o)
                0x000000000800492a                strstr
 *fill*         0x000000000800495e        0x2 
 .text.strtok   0x0000000008004960       0x54 c:/st/stm32cubeide_1.4.0/stm32cubeide/plugins/com.st.stm32cube.ide.mcu.externaltools.gnu-tools-for-stm32.7-2018-q2-update.win32_1.5.0.202011040924/tools/bin/../lib/gcc/arm-none-eabi/7.3.1/../../../../arm-none-eabi/lib/thumb/v7-m\libc_nano.a(lib_a-strtok.o)
                0x0000000008004960                strtok
 .text.__strtok_r
                0x00000000080049b4       0x54 c:/st/stm32cubeide_1.4.0/stm32cubeide/plugins/com.st.stm32cube.ide.mcu.externaltools.gnu-tools-for-stm32.7-2018-q2-update.win32_1.5.0.202011040924/tools/bin/../lib/gcc/arm-none-eabi/7.3.1/../../../../arm-none-eabi/lib/thumb/v7-m\libc_nano.a(lib_a-strtok_r.o)
                0x00000000080049b4                __strtok_r
 .text.malloc   0x0000000008004a08       0x10 c:/st/stm32cubeide_1.4.0/stm32cubeide/plugins/com.st.stm32cube.ide.mcu.externaltools.gnu-tools-for-stm32.7-2018-q2-update.win32_1.5.0.202011040924/tools/bin/../lib/gcc/arm-none-eabi/7.3.1/../../../../arm-none-eabi/lib/thumb/v7-m\libc_nano.a(lib_a-malloc.o)
                0x0000000008004a08                malloc
 .text._malloc_r
                0x0000000008004a18       0xb4 c:/st/stm32cubeide_1.4.0/stm32cubeide/plugins/com.st.stm32cube.ide.mcu.externaltools.gnu-tools-for-stm32.7-2018-q2-update.win32_1.5.0.202011040924/tools/bin/../lib/gcc/arm-none-eabi/7.3.1/../../../../arm-none-eabi/lib/thumb/v7-m\libc_nano.a(lib_a-nano-mallocr.o)
                0x0000000008004a18                _malloc_r
 .text._sbrk_r  0x0000000008004acc       0x20 c:/st/stm32cubeide_1.4.0/stm32cubeide/plugins/com.st.stm32cube.ide.mcu.externaltools.gnu-tools-for-stm32.7-2018-q2-update.win32_1.5.0.202011040924/tools/bin/../lib/gcc/arm-none-eabi/7.3.1/../../../../arm-none-eabi/lib/thumb/v7-m\libc_nano.a(lib_a-sbrkr.o)
                0x0000000008004acc                _sbrk_r
 .text.__malloc_lock
                0x0000000008004aec        0x2 c:/st/stm32cubeide_1.4.0/stm32cubeide/plugins/com.st.stm32cube.ide.mcu.externaltools.gnu-tools-for-stm32.7-2018-q2-update.win32_1.5.0.202011040924/tools/bin/../lib/gcc/arm-none-eabi/7.3.1/../../../../arm-none-eabi/lib/thumb/v7-m\libc_nano.a(lib_a-mlock.o)
                0x0000000008004aec                __malloc_lock
 .text.__malloc_unlock
                0x0000000008004aee        0x2 c:/st/stm32cubeide_1.4.0/stm32cubeide/plugins/com.st.stm32cube.ide.mcu.externaltools.gnu-tools-for-stm32.7-2018-q2-update.win32_1.5.0.202011040924/tools/bin/../lib/gcc/arm-none-eabi/7.3.1/../../../../arm-none-eabi/lib/thumb/v7-m\libc_nano.a(lib_a-mlock.o)
                0x0000000008004aee                __malloc_unlock
 *(.glue_7)
 .glue_7        0x0000000008004af0        0x0 linker stubs
 *(.glue_7t)
 .glue_7t       0x0000000008004af0        0x0 linker stubs
 *(.eh_frame)
 .eh_frame      0x0000000008004af0        0x0 c:/st/stm32cubeide_1.4.0/stm32cubeide/plugins/com.st.stm32cube.ide.mcu.externaltools.gnu-tools-for-stm32.7-2018-q2-update.win32_1.5.0.202011040924/tools/bin/../lib/gcc/arm-none-eabi/7.3.1/thumb/v7-m/crtbegin.o
 *(.init)
 .init          0x0000000008004af0        0x4 c:/st/stm32cubeide_1.4.0/stm32cubeide/plugins/com.st.stm32cube.ide.mcu.externaltools.gnu-tools-for-stm32.7-2018-q2-update.win32_1.5.0.202011040924/tools/bin/../lib/gcc/arm-none-eabi/7.3.1/thumb/v7-m/crti.o
                0x0000000008004af0                _init
 .init          0x0000000008004af4        0x8 c:/st/stm32cubeide_1.4.0/stm32cubeide/plugins/com.st.stm32cube.ide.mcu.externaltools.gnu-tools-for-stm32.7-2018-q2-update.win32_1.5.0.202011040924/tools/bin/../lib/gcc/arm-none-eabi/7.3.1/thumb/v7-m/crtn.o
 *(.fini)
 .fini          0x0000000008004afc        0x4 c:/st/stm32cubeide_1.4.0/stm32cubeide/plugins/com.st.stm32cube.ide.mcu.externaltools.gnu-tools-for-stm32.7-2018-q2-update.win32_1.5.0.202011040924/tools/bin/../lib/gcc/arm-none-eabi/7.3.1/thumb/v7-m/crti.o
                0x0000000008004afc                _fini
 .fini          0x0000000008004b00        0x8 c:/st/stm32cubeide_1.4.0/stm32cubeide/plugins/com.st.stm32cube.ide.mcu.externaltools.gnu-tools-for-stm32.7-2018-q2-update.win32_1.5.0.202011040924/tools/bin/../lib/gcc/arm-none-eabi/7.3.1/thumb/v7-m/crtn.o
                0x0000000008004b08                . = ALIGN (0x4)
                0x0000000008004b08                _etext = .

.vfp11_veneer   0x0000000008004b08        0x0
 .vfp11_veneer  0x0000000008004b08        0x0 linker stubs

.v4_bx          0x0000000008004b08        0x0
 .v4_bx         0x0000000008004b08        0x0 linker stubs

.iplt           0x0000000008004b08        0x0
 .iplt          0x0000000008004b08        0x0 c:/st/stm32cubeide_1.4.0/stm32cubeide/plugins/com.st.stm32cube.ide.mcu.externaltools.gnu-tools-for-stm32.7-2018-q2-update.win32_1.5.0.202011040924/tools/bin/../lib/gcc/arm-none-eabi/7.3.1/thumb/v7-m/crtbegin.o

.rodata         0x0000000008004b08      0xe5c
                0x0000000008004b08                . = ALIGN (0x4)
 *(.rodata)
 .rodata        0x0000000008004b08       0x10 Core/Src/main.o
 .rodata        0x0000000008004b18       0x10 Drivers/STM32F1xx_HAL_Driver/Src/stm32f1xx_hal_rcc.o
 *(.rodata*)
 .rodata.configNetwork.str1.1
                0x0000000008004b28       0x2a Core/Src/main.o
 *fill*         0x0000000008004b52        0x2 
 .rodata.ethernetTask_attributes
                0x0000000008004b54       0x24 Core/Src/main.o
                0x0000000008004b54                ethernetTask_attributes
 .rodata.readInput1Task_attributes
                0x0000000008004b78       0x24 Core/Src/main.o
                0x0000000008004b78                readInput1Task_attributes
 .rodata.readInput2Task_attributes
                0x0000000008004b9c       0x24 Core/Src/main.o
                0x0000000008004b9c                readInput2Task_attributes
 .rodata.readInput3Task_attributes
                0x0000000008004bc0       0x24 Core/Src/main.o
                0x0000000008004bc0                readInput3Task_attributes
 .rodata.readInput4Task_attributes
                0x0000000008004be4       0x24 Core/Src/main.o
                0x0000000008004be4                readInput4Task_attributes
 .rodata.str1.1
                0x0000000008004c08       0x49 Core/Src/main.o
 .rodata.tcp_http_mt.str1.1
                0x0000000008004c51      0xce7 Core/Src/main.o
                                        0xd05 (size before relaxing)
 .rodata.AHBPrescTable
                0x0000000008005938       0x10 Core/Src/system_stm32f1xx.o
                0x0000000008005938                AHBPrescTable
 .rodata.APBPrescTable
                0x0000000008005948        0x8 Core/Src/system_stm32f1xx.o
                0x0000000008005948                APBPrescTable
 .rodata.vTaskStartScheduler.str1.1
                0x0000000008005950        0x5 Middlewares/Third_Party/FreeRTOS/Source/tasks.o
 .rodata.prvCheckForValidListAndQueue.str1.1
                0x0000000008005955        0x5 Middlewares/Third_Party/FreeRTOS/Source/timers.o
 .rodata.xTimerCreateTimerTask.str1.1
                0x000000000800595a        0x8 Middlewares/Third_Party/FreeRTOS/Source/timers.o
                0x0000000008005964                . = ALIGN (0x4)
 *fill*         0x0000000008005962        0x2 

.rel.dyn        0x0000000008005964        0x0
 .rel.iplt      0x0000000008005964        0x0 c:/st/stm32cubeide_1.4.0/stm32cubeide/plugins/com.st.stm32cube.ide.mcu.externaltools.gnu-tools-for-stm32.7-2018-q2-update.win32_1.5.0.202011040924/tools/bin/../lib/gcc/arm-none-eabi/7.3.1/thumb/v7-m/crtbegin.o

.ARM.extab      0x0000000008005964        0x0
                0x0000000008005964                . = ALIGN (0x4)
 *(.ARM.extab* .gnu.linkonce.armextab.*)
                0x0000000008005964                . = ALIGN (0x4)

.ARM            0x0000000008005964        0x0
                0x0000000008005964                . = ALIGN (0x4)
                0x0000000008005964                __exidx_start = .
 *(.ARM.exidx*)
                0x0000000008005964                __exidx_end = .
                0x0000000008005964                . = ALIGN (0x4)

.preinit_array  0x0000000008005964        0x0
                0x0000000008005964                . = ALIGN (0x4)
                0x0000000008005964                PROVIDE (__preinit_array_start = .)
 *(.preinit_array*)
                0x0000000008005964                PROVIDE (__preinit_array_end = .)
                0x0000000008005964                . = ALIGN (0x4)

.init_array     0x0000000008005964        0x4
                0x0000000008005964                . = ALIGN (0x4)
                0x0000000008005964                PROVIDE (__init_array_start = .)
 *(SORT_BY_NAME(.init_array.*))
 *(.init_array*)
 .init_array    0x0000000008005964        0x4 c:/st/stm32cubeide_1.4.0/stm32cubeide/plugins/com.st.stm32cube.ide.mcu.externaltools.gnu-tools-for-stm32.7-2018-q2-update.win32_1.5.0.202011040924/tools/bin/../lib/gcc/arm-none-eabi/7.3.1/thumb/v7-m/crtbegin.o
                0x0000000008005968                PROVIDE (__init_array_end = .)
                0x0000000008005968                . = ALIGN (0x4)

.fini_array     0x0000000008005968        0x4
                0x0000000008005968                . = ALIGN (0x4)
                [!provide]                        PROVIDE (__fini_array_start = .)
 *(SORT_BY_NAME(.fini_array.*))
 *(.fini_array*)
 .fini_array    0x0000000008005968        0x4 c:/st/stm32cubeide_1.4.0/stm32cubeide/plugins/com.st.stm32cube.ide.mcu.externaltools.gnu-tools-for-stm32.7-2018-q2-update.win32_1.5.0.202011040924/tools/bin/../lib/gcc/arm-none-eabi/7.3.1/thumb/v7-m/crtbegin.o
                [!provide]                        PROVIDE (__fini_array_end = .)
                0x000000000800596c                . = ALIGN (0x4)
                0x000000000800596c                _sidata = LOADADDR (.data)

.data           0x0000000020000000       0xb0 load address 0x000000000800596c
                0x0000000020000000                . = ALIGN (0x4)
                0x0000000020000000                _sdata = .
 *(.data)
 *(.data*)
 .data.gWIZNETINFO
                0x0000000020000000       0x17 Core/Src/main.o
                0x0000000020000000                gWIZNETINFO
 *fill*         0x0000000020000017        0x1 
 .data.SystemCoreClock
                0x0000000020000018        0x4 Core/Src/system_stm32f1xx.o
                0x0000000020000018                SystemCoreClock
 .data.sock_any_port
                0x000000002000001c        0x2 Drivers/ETHERNET/scr/socket.o
 *fill*         0x000000002000001e        0x2 
 .data.WIZCHIP  0x0000000020000020       0x20 Drivers/ETHERNET/scr/wizchip_conf.o
                0x0000000020000020                WIZCHIP
 .data.uwTickFreq
                0x0000000020000040        0x1 Drivers/STM32F1xx_HAL_Driver/Src/stm32f1xx_hal.o
                0x0000000020000040                uwTickFreq
 *fill*         0x0000000020000041        0x3 
 .data.uwTickPrio
                0x0000000020000044        0x4 Drivers/STM32F1xx_HAL_Driver/Src/stm32f1xx_hal.o
                0x0000000020000044                uwTickPrio
 .data.uxCriticalNesting
                0x0000000020000048        0x4 Middlewares/Third_Party/FreeRTOS/Source/portable/GCC/ARM_CM3/port.o
 .data._impure_ptr
                0x000000002000004c        0x4 c:/st/stm32cubeide_1.4.0/stm32cubeide/plugins/com.st.stm32cube.ide.mcu.externaltools.gnu-tools-for-stm32.7-2018-q2-update.win32_1.5.0.202011040924/tools/bin/../lib/gcc/arm-none-eabi/7.3.1/../../../../arm-none-eabi/lib/thumb/v7-m\libc_nano.a(lib_a-impure.o)
                0x000000002000004c                _impure_ptr
 .data.impure_data
                0x0000000020000050       0x60 c:/st/stm32cubeide_1.4.0/stm32cubeide/plugins/com.st.stm32cube.ide.mcu.externaltools.gnu-tools-for-stm32.7-2018-q2-update.win32_1.5.0.202011040924/tools/bin/../lib/gcc/arm-none-eabi/7.3.1/../../../../arm-none-eabi/lib/thumb/v7-m\libc_nano.a(lib_a-impure.o)
                0x00000000200000b0                . = ALIGN (0x4)
                0x00000000200000b0                _edata = .

.igot.plt       0x00000000200000b0        0x0 load address 0x0000000008005a1c
 .igot.plt      0x00000000200000b0        0x0 c:/st/stm32cubeide_1.4.0/stm32cubeide/plugins/com.st.stm32cube.ide.mcu.externaltools.gnu-tools-for-stm32.7-2018-q2-update.win32_1.5.0.202011040924/tools/bin/../lib/gcc/arm-none-eabi/7.3.1/thumb/v7-m/crtbegin.o
                0x00000000200000b0                . = ALIGN (0x4)

.bss            0x00000000200000b0     0x2df4 load address 0x0000000008005a1c
                0x00000000200000b0                _sbss = .
                0x00000000200000b0                __bss_start__ = _sbss
 *(.bss)
 .bss           0x00000000200000b0       0x1c c:/st/stm32cubeide_1.4.0/stm32cubeide/plugins/com.st.stm32cube.ide.mcu.externaltools.gnu-tools-for-stm32.7-2018-q2-update.win32_1.5.0.202011040924/tools/bin/../lib/gcc/arm-none-eabi/7.3.1/thumb/v7-m/crtbegin.o
 *(.bss*)
 .bss.inputs    0x00000000200000cc       0x10 Core/Src/main.o
                0x00000000200000cc                inputs
 .bss.__sbrk_heap_end
                0x00000000200000dc        0x4 Core/Src/sysmem.o
 .bss.sock_io_mode
                0x00000000200000e0        0x2 Drivers/ETHERNET/scr/socket.o
 .bss.sock_is_sending
                0x00000000200000e2        0x2 Drivers/ETHERNET/scr/socket.o
 .bss.sock_pack_info
                0x00000000200000e4        0x8 Drivers/ETHERNET/scr/socket.o
 .bss.sock_remained_size
                0x00000000200000ec       0x10 Drivers/ETHERNET/scr/socket.o
 .bss._DHCP_    0x00000000200000fc        0x1 Drivers/ETHERNET/scr/wizchip_conf.o
 .bss._DNS_     0x00000000200000fd        0x4 Drivers/ETHERNET/scr/wizchip_conf.o
 *fill*         0x0000000020000101        0x3 
 .bss.Idle_Stack
                0x0000000020000104      0x200 Middlewares/Third_Party/FreeRTOS/Source/CMSIS_RTOS_V2/cmsis_os2.o
 .bss.Idle_TCB  0x0000000020000304       0x5c Middlewares/Third_Party/FreeRTOS/Source/CMSIS_RTOS_V2/cmsis_os2.o
 .bss.KernelState
                0x0000000020000360        0x4 Middlewares/Third_Party/FreeRTOS/Source/CMSIS_RTOS_V2/cmsis_os2.o
 .bss.Timer_Stack
                0x0000000020000364      0x400 Middlewares/Third_Party/FreeRTOS/Source/CMSIS_RTOS_V2/cmsis_os2.o
 .bss.Timer_TCB
                0x0000000020000764       0x5c Middlewares/Third_Party/FreeRTOS/Source/CMSIS_RTOS_V2/cmsis_os2.o
 .bss.pxCurrentTCB
                0x00000000200007c0        0x4 Middlewares/Third_Party/FreeRTOS/Source/tasks.o
                0x00000000200007c0                pxCurrentTCB
 .bss.pxDelayedTaskList
                0x00000000200007c4        0x4 Middlewares/Third_Party/FreeRTOS/Source/tasks.o
 .bss.pxOverflowDelayedTaskList
                0x00000000200007c8        0x4 Middlewares/Third_Party/FreeRTOS/Source/tasks.o
 .bss.pxReadyTasksLists
                0x00000000200007cc      0x460 Middlewares/Third_Party/FreeRTOS/Source/tasks.o
 .bss.uxCurrentNumberOfTasks
                0x0000000020000c2c        0x4 Middlewares/Third_Party/FreeRTOS/Source/tasks.o
 .bss.uxDeletedTasksWaitingCleanUp
                0x0000000020000c30        0x4 Middlewares/Third_Party/FreeRTOS/Source/tasks.o
 .bss.uxPendedTicks
                0x0000000020000c34        0x4 Middlewares/Third_Party/FreeRTOS/Source/tasks.o
 .bss.uxSchedulerSuspended
                0x0000000020000c38        0x4 Middlewares/Third_Party/FreeRTOS/Source/tasks.o
 .bss.uxTaskNumber
                0x0000000020000c3c        0x4 Middlewares/Third_Party/FreeRTOS/Source/tasks.o
 .bss.uxTopReadyPriority
                0x0000000020000c40        0x4 Middlewares/Third_Party/FreeRTOS/Source/tasks.o
 .bss.xDelayedTaskList1
                0x0000000020000c44       0x14 Middlewares/Third_Party/FreeRTOS/Source/tasks.o
 .bss.xDelayedTaskList2
                0x0000000020000c58       0x14 Middlewares/Third_Party/FreeRTOS/Source/tasks.o
 .bss.xNextTaskUnblockTime
                0x0000000020000c6c        0x4 Middlewares/Third_Party/FreeRTOS/Source/tasks.o
 .bss.xNumOfOverflows
                0x0000000020000c70        0x4 Middlewares/Third_Party/FreeRTOS/Source/tasks.o
 .bss.xPendingReadyList
                0x0000000020000c74       0x14 Middlewares/Third_Party/FreeRTOS/Source/tasks.o
 .bss.xSchedulerRunning
                0x0000000020000c88        0x4 Middlewares/Third_Party/FreeRTOS/Source/tasks.o
 .bss.xSuspendedTaskList
                0x0000000020000c8c       0x14 Middlewares/Third_Party/FreeRTOS/Source/tasks.o
 .bss.xTasksWaitingTermination
                0x0000000020000ca0       0x14 Middlewares/Third_Party/FreeRTOS/Source/tasks.o
 .bss.xTickCount
                0x0000000020000cb4        0x4 Middlewares/Third_Party/FreeRTOS/Source/tasks.o
 .bss.xYieldPending
                0x0000000020000cb8        0x4 Middlewares/Third_Party/FreeRTOS/Source/tasks.o
 .bss.pxCurrentTimerList
                0x0000000020000cbc        0x4 Middlewares/Third_Party/FreeRTOS/Source/timers.o
 .bss.pxOverflowTimerList
                0x0000000020000cc0        0x4 Middlewares/Third_Party/FreeRTOS/Source/timers.o
 .bss.ucStaticTimerQueueStorage.5503
                0x0000000020000cc4       0xa0 Middlewares/Third_Party/FreeRTOS/Source/timers.o
 .bss.xActiveTimerList1
                0x0000000020000d64       0x14 Middlewares/Third_Party/FreeRTOS/Source/timers.o
 .bss.xActiveTimerList2
                0x0000000020000d78       0x14 Middlewares/Third_Party/FreeRTOS/Source/timers.o
 .bss.xLastTime.5452
                0x0000000020000d8c        0x4 Middlewares/Third_Party/FreeRTOS/Source/timers.o
 .bss.xStaticTimerQueue.5502
                0x0000000020000d90       0x50 Middlewares/Third_Party/FreeRTOS/Source/timers.o
 .bss.xTimerQueue
                0x0000000020000de0        0x4 Middlewares/Third_Party/FreeRTOS/Source/timers.o
 .bss.xTimerTaskHandle
                0x0000000020000de4        0x4 Middlewares/Third_Party/FreeRTOS/Source/timers.o
 .bss.ucMaxSysCallPriority
                0x0000000020000de8        0x1 Middlewares/Third_Party/FreeRTOS/Source/portable/GCC/ARM_CM3/port.o
 *fill*         0x0000000020000de9        0x3 
 .bss.ulMaxPRIGROUPValue
                0x0000000020000dec        0x4 Middlewares/Third_Party/FreeRTOS/Source/portable/GCC/ARM_CM3/port.o
 .bss.pxEnd     0x0000000020000df0        0x4 Middlewares/Third_Party/FreeRTOS/Source/portable/MemMang/heap_4.o
 .bss.ucHeap    0x0000000020000df4      0xdac Middlewares/Third_Party/FreeRTOS/Source/portable/MemMang/heap_4.o
 .bss.xBlockAllocatedBit
                0x0000000020001ba0        0x4 Middlewares/Third_Party/FreeRTOS/Source/portable/MemMang/heap_4.o
 .bss.xFreeBytesRemaining
                0x0000000020001ba4        0x4 Middlewares/Third_Party/FreeRTOS/Source/portable/MemMang/heap_4.o
 .bss.xMinimumEverFreeBytesRemaining
                0x0000000020001ba8        0x4 Middlewares/Third_Party/FreeRTOS/Source/portable/MemMang/heap_4.o
 .bss.xStart    0x0000000020001bac        0x8 Middlewares/Third_Party/FreeRTOS/Source/portable/MemMang/heap_4.o
 .bss.__malloc_free_list
                0x0000000020001bb4        0x4 c:/st/stm32cubeide_1.4.0/stm32cubeide/plugins/com.st.stm32cube.ide.mcu.externaltools.gnu-tools-for-stm32.7-2018-q2-update.win32_1.5.0.202011040924/tools/bin/../lib/gcc/arm-none-eabi/7.3.1/../../../../arm-none-eabi/lib/thumb/v7-m\libc_nano.a(lib_a-nano-mallocr.o)
                0x0000000020001bb4                __malloc_free_list
 .bss.__malloc_sbrk_start
                0x0000000020001bb8        0x4 c:/st/stm32cubeide_1.4.0/stm32cubeide/plugins/com.st.stm32cube.ide.mcu.externaltools.gnu-tools-for-stm32.7-2018-q2-update.win32_1.5.0.202011040924/tools/bin/../lib/gcc/arm-none-eabi/7.3.1/../../../../arm-none-eabi/lib/thumb/v7-m\libc_nano.a(lib_a-nano-mallocr.o)
                0x0000000020001bb8                __malloc_sbrk_start
 *(COMMON)
 COMMON         0x0000000020001bbc     0x1234 Core/Src/main.o
                0x0000000020001bbc                hspi2
                0x0000000020001c14                hi2c2
                0x0000000020001c68                readInput4TaskHandle
                0x0000000020001c6c                filesize
                0x0000000020001c8c                readInput1TaskHandle
                0x0000000020001c90                http_state
                0x0000000020001c98                gDATABUF
                0x0000000020002c98                readInput3TaskHandle
                0x0000000020002c9c                readInput2TaskHandle
                0x0000000020002ca0                ethernetTaskHandle
                0x0000000020002ca4                sentsize
                0x0000000020002cc4                config_data
 COMMON         0x0000000020002df0       0x48 Core/Src/stm32f1xx_hal_timebase_tim.o
                0x0000000020002df0                htim1
 COMMON         0x0000000020002e38        0x4 Drivers/STM32F1xx_HAL_Driver/Src/stm32f1xx_hal.o
                0x0000000020002e38                uwTick
 *fill*         0x0000000020002e3c        0x4 
 COMMON         0x0000000020002e40       0x20 Drivers/STM32F1xx_HAL_Driver/Src/stm32f1xx_hal_flash.o
                0x0000000020002e40                pFlash
 COMMON         0x0000000020002e60       0x40 Middlewares/Third_Party/FreeRTOS/Source/queue.o
                0x0000000020002e60                xQueueRegistry
 COMMON         0x0000000020002ea0        0x4 c:/st/stm32cubeide_1.4.0/stm32cubeide/plugins/com.st.stm32cube.ide.mcu.externaltools.gnu-tools-for-stm32.7-2018-q2-update.win32_1.5.0.202011040924/tools/bin/../lib/gcc/arm-none-eabi/7.3.1/../../../../arm-none-eabi/lib/thumb/v7-m\libc_nano.a(lib_a-reent.o)
                0x0000000020002ea0                errno
                0x0000000020002ea4                . = ALIGN (0x4)
                0x0000000020002ea4                _ebss = .
                0x0000000020002ea4                __bss_end__ = _ebss

._user_heap_stack
                0x0000000020002ea4      0x604 load address 0x0000000008005a1c
                0x0000000020002ea8                . = ALIGN (0x8)
 *fill*         0x0000000020002ea4        0x4 
                [!provide]                        PROVIDE (end = .)
                0x0000000020002ea8                PROVIDE (_end = .)
                0x00000000200030a8                . = (. + _Min_Heap_Size)
 *fill*         0x0000000020002ea8      0x200 
                0x00000000200034a8                . = (. + _Min_Stack_Size)
 *fill*         0x00000000200030a8      0x400 
                0x00000000200034a8                . = ALIGN (0x8)

/DISCARD/
 libc.a(*)
 libm.a(*)
 libgcc.a(*)

.ARM.attributes
                0x0000000000000000       0x29
 *(.ARM.attributes)
 .ARM.attributes
                0x0000000000000000       0x1d c:/st/stm32cubeide_1.4.0/stm32cubeide/plugins/com.st.stm32cube.ide.mcu.externaltools.gnu-tools-for-stm32.7-2018-q2-update.win32_1.5.0.202011040924/tools/bin/../lib/gcc/arm-none-eabi/7.3.1/thumb/v7-m/crti.o
 .ARM.attributes
                0x000000000000001d       0x2d c:/st/stm32cubeide_1.4.0/stm32cubeide/plugins/com.st.stm32cube.ide.mcu.externaltools.gnu-tools-for-stm32.7-2018-q2-update.win32_1.5.0.202011040924/tools/bin/../lib/gcc/arm-none-eabi/7.3.1/thumb/v7-m/crtbegin.o
 .ARM.attributes
                0x000000000000004a       0x33 Core/Src/main.o
 .ARM.attributes
                0x000000000000007d       0x33 Core/Src/stm32f1xx_hal_msp.o
 .ARM.attributes
                0x00000000000000b0       0x33 Core/Src/stm32f1xx_hal_timebase_tim.o
 .ARM.attributes
                0x00000000000000e3       0x33 Core/Src/stm32f1xx_it.o
 .ARM.attributes
                0x0000000000000116       0x33 Core/Src/sysmem.o
 .ARM.attributes
                0x0000000000000149       0x33 Core/Src/system_stm32f1xx.o
 .ARM.attributes
                0x000000000000017c       0x21 Core/Startup/startup_stm32f103c8tx.o
 .ARM.attributes
                0x000000000000019d       0x33 Drivers/ETHERNET/scr/socket.o
 .ARM.attributes
                0x00000000000001d0       0x33 Drivers/ETHERNET/scr/w5500.o
 .ARM.attributes
                0x0000000000000203       0x33 Drivers/ETHERNET/scr/wizchip_conf.o
 .ARM.attributes
                0x0000000000000236       0x33 Drivers/STM32F1xx_HAL_Driver/Src/stm32f1xx_hal.o
 .ARM.attributes
                0x0000000000000269       0x33 Drivers/STM32F1xx_HAL_Driver/Src/stm32f1xx_hal_cortex.o
 .ARM.attributes
                0x000000000000029c       0x33 Drivers/STM32F1xx_HAL_Driver/Src/stm32f1xx_hal_flash.o
 .ARM.attributes
                0x00000000000002cf       0x33 Drivers/STM32F1xx_HAL_Driver/Src/stm32f1xx_hal_flash_ex.o
 .ARM.attributes
                0x0000000000000302       0x33 Drivers/STM32F1xx_HAL_Driver/Src/stm32f1xx_hal_gpio.o
 .ARM.attributes
                0x0000000000000335       0x33 Drivers/STM32F1xx_HAL_Driver/Src/stm32f1xx_hal_i2c.o
 .ARM.attributes
                0x0000000000000368       0x33 Drivers/STM32F1xx_HAL_Driver/Src/stm32f1xx_hal_rcc.o
 .ARM.attributes
                0x000000000000039b       0x33 Drivers/STM32F1xx_HAL_Driver/Src/stm32f1xx_hal_spi.o
 .ARM.attributes
                0x00000000000003ce       0x33 Drivers/STM32F1xx_HAL_Driver/Src/stm32f1xx_hal_tim.o
 .ARM.attributes
                0x0000000000000401       0x33 Drivers/STM32F1xx_HAL_Driver/Src/stm32f1xx_hal_tim_ex.o
 .ARM.attributes
                0x0000000000000434       0x33 Middlewares/Third_Party/FreeRTOS/Source/CMSIS_RTOS_V2/cmsis_os2.o
 .ARM.attributes
                0x0000000000000467       0x33 Middlewares/Third_Party/FreeRTOS/Source/list.o
 .ARM.attributes
                0x000000000000049a       0x33 Middlewares/Third_Party/FreeRTOS/Source/queue.o
 .ARM.attributes
                0x00000000000004cd       0x33 Middlewares/Third_Party/FreeRTOS/Source/tasks.o
 .ARM.attributes
                0x0000000000000500       0x33 Middlewares/Third_Party/FreeRTOS/Source/timers.o
 .ARM.attributes
                0x0000000000000533       0x33 Middlewares/Third_Party/FreeRTOS/Source/portable/GCC/ARM_CM3/port.o
 .ARM.attributes
                0x0000000000000566       0x33 Middlewares/Third_Party/FreeRTOS/Source/portable/MemMang/heap_4.o
 .ARM.attributes
                0x0000000000000599       0x2d c:/st/stm32cubeide_1.4.0/stm32cubeide/plugins/com.st.stm32cube.ide.mcu.externaltools.gnu-tools-for-stm32.7-2018-q2-update.win32_1.5.0.202011040924/tools/bin/../lib/gcc/arm-none-eabi/7.3.1/../../../../arm-none-eabi/lib/thumb/v7-m\libc_nano.a(lib_a-errno.o)
 .ARM.attributes
                0x00000000000005c6       0x2d c:/st/stm32cubeide_1.4.0/stm32cubeide/plugins/com.st.stm32cube.ide.mcu.externaltools.gnu-tools-for-stm32.7-2018-q2-update.win32_1.5.0.202011040924/tools/bin/../lib/gcc/arm-none-eabi/7.3.1/../../../../arm-none-eabi/lib/thumb/v7-m\libc_nano.a(lib_a-impure.o)
 .ARM.attributes
                0x00000000000005f3       0x2d c:/st/stm32cubeide_1.4.0/stm32cubeide/plugins/com.st.stm32cube.ide.mcu.externaltools.gnu-tools-for-stm32.7-2018-q2-update.win32_1.5.0.202011040924/tools/bin/../lib/gcc/arm-none-eabi/7.3.1/../../../../arm-none-eabi/lib/thumb/v7-m\libc_nano.a(lib_a-init.o)
 .ARM.attributes
                0x0000000000000620       0x2d c:/st/stm32cubeide_1.4.0/stm32cubeide/plugins/com.st.stm32cube.ide.mcu.externaltools.gnu-tools-for-stm32.7-2018-q2-update.win32_1.5.0.202011040924/tools/bin/../lib/gcc/arm-none-eabi/7.3.1/../../../../arm-none-eabi/lib/thumb/v7-m\libc_nano.a(lib_a-memcmp.o)
 .ARM.attributes
                0x000000000000064d       0x2d c:/st/stm32cubeide_1.4.0/stm32cubeide/plugins/com.st.stm32cube.ide.mcu.externaltools.gnu-tools-for-stm32.7-2018-q2-update.win32_1.5.0.202011040924/tools/bin/../lib/gcc/arm-none-eabi/7.3.1/../../../../arm-none-eabi/lib/thumb/v7-m\libc_nano.a(lib_a-memcpy-stub.o)
 .ARM.attributes
                0x000000000000067a       0x2d c:/st/stm32cubeide_1.4.0/stm32cubeide/plugins/com.st.stm32cube.ide.mcu.externaltools.gnu-tools-for-stm32.7-2018-q2-update.win32_1.5.0.202011040924/tools/bin/../lib/gcc/arm-none-eabi/7.3.1/../../../../arm-none-eabi/lib/thumb/v7-m\libc_nano.a(lib_a-memmove.o)
 .ARM.attributes
                0x00000000000006a7       0x2d c:/st/stm32cubeide_1.4.0/stm32cubeide/plugins/com.st.stm32cube.ide.mcu.externaltools.gnu-tools-for-stm32.7-2018-q2-update.win32_1.5.0.202011040924/tools/bin/../lib/gcc/arm-none-eabi/7.3.1/../../../../arm-none-eabi/lib/thumb/v7-m\libc_nano.a(lib_a-memset.o)
 .ARM.attributes
                0x00000000000006d4       0x2d c:/st/stm32cubeide_1.4.0/stm32cubeide/plugins/com.st.stm32cube.ide.mcu.externaltools.gnu-tools-for-stm32.7-2018-q2-update.win32_1.5.0.202011040924/tools/bin/../lib/gcc/arm-none-eabi/7.3.1/../../../../arm-none-eabi/lib/thumb/v7-m\libc_nano.a(lib_a-strcat.o)
 .ARM.attributes
                0x0000000000000701       0x2d c:/st/stm32cubeide_1.4.0/stm32cubeide/plugins/com.st.stm32cube.ide.mcu.externaltools.gnu-tools-for-stm32.7-2018-q2-update.win32_1.5.0.202011040924/tools/bin/../lib/gcc/arm-none-eabi/7.3.1/../../../../arm-none-eabi/lib/thumb/v7-m\libc_nano.a(lib_a-strchr.o)
 .ARM.attributes
                0x000000000000072e       0x2d c:/st/stm32cubeide_1.4.0/stm32cubeide/plugins/com.st.stm32cube.ide.mcu.externaltools.gnu-tools-for-stm32.7-2018-q2-update.win32_1.5.0.202011040924/tools/bin/../lib/gcc/arm-none-eabi/7.3.1/../../../../arm-none-eabi/lib/thumb/v7-m\libc_nano.a(lib_a-strcpy.o)
 .ARM.attributes
                0x000000000000075b       0x17 c:/st/stm32cubeide_1.4.0/stm32cubeide/plugins/com.st.stm32cube.ide.mcu.externaltools.gnu-tools-for-stm32.7-2018-q2-update.win32_1.5.0.202011040924/tools/bin/../lib/gcc/arm-none-eabi/7.3.1/../../../../arm-none-eabi/lib/thumb/v7-m\libc_nano.a(lib_a-strlen.o)
 .ARM.attributes
                0x0000000000000772       0x2d c:/st/stm32cubeide_1.4.0/stm32cubeide/plugins/com.st.stm32cube.ide.mcu.externaltools.gnu-tools-for-stm32.7-2018-q2-update.win32_1.5.0.202011040924/tools/bin/../lib/gcc/arm-none-eabi/7.3.1/../../../../arm-none-eabi/lib/thumb/v7-m\libc_nano.a(lib_a-strncmp.o)
 .ARM.attributes
                0x000000000000079f       0x2d c:/st/stm32cubeide_1.4.0/stm32cubeide/plugins/com.st.stm32cube.ide.mcu.externaltools.gnu-tools-for-stm32.7-2018-q2-update.win32_1.5.0.202011040924/tools/bin/../lib/gcc/arm-none-eabi/7.3.1/../../../../arm-none-eabi/lib/thumb/v7-m\libc_nano.a(lib_a-strstr.o)
 .ARM.attributes
                0x00000000000007cc       0x2d c:/st/stm32cubeide_1.4.0/stm32cubeide/plugins/com.st.stm32cube.ide.mcu.externaltools.gnu-tools-for-stm32.7-2018-q2-update.win32_1.5.0.202011040924/tools/bin/../lib/gcc/arm-none-eabi/7.3.1/../../../../arm-none-eabi/lib/thumb/v7-m\libc_nano.a(lib_a-strtok.o)
 .ARM.attributes
                0x00000000000007f9       0x2d c:/st/stm32cubeide_1.4.0/stm32cubeide/plugins/com.st.stm32cube.ide.mcu.externaltools.gnu-tools-for-stm32.7-2018-q2-update.win32_1.5.0.202011040924/tools/bin/../lib/gcc/arm-none-eabi/7.3.1/../../../../arm-none-eabi/lib/thumb/v7-m\libc_nano.a(lib_a-strtok_r.o)
 .ARM.attributes
                0x0000000000000826       0x2d c:/st/stm32cubeide_1.4.0/stm32cubeide/plugins/com.st.stm32cube.ide.mcu.externaltools.gnu-tools-for-stm32.7-2018-q2-update.win32_1.5.0.202011040924/tools/bin/../lib/gcc/arm-none-eabi/7.3.1/../../../../arm-none-eabi/lib/thumb/v7-m\libc_nano.a(lib_a-malloc.o)
 .ARM.attributes
                0x0000000000000853       0x2d c:/st/stm32cubeide_1.4.0/stm32cubeide/plugins/com.st.stm32cube.ide.mcu.externaltools.gnu-tools-for-stm32.7-2018-q2-update.win32_1.5.0.202011040924/tools/bin/../lib/gcc/arm-none-eabi/7.3.1/../../../../arm-none-eabi/lib/thumb/v7-m\libc_nano.a(lib_a-nano-mallocr.o)
 .ARM.attributes
                0x0000000000000880       0x2d c:/st/stm32cubeide_1.4.0/stm32cubeide/plugins/com.st.stm32cube.ide.mcu.externaltools.gnu-tools-for-stm32.7-2018-q2-update.win32_1.5.0.202011040924/tools/bin/../lib/gcc/arm-none-eabi/7.3.1/../../../../arm-none-eabi/lib/thumb/v7-m\libc_nano.a(lib_a-sbrkr.o)
 .ARM.attributes
                0x00000000000008ad       0x2d c:/st/stm32cubeide_1.4.0/stm32cubeide/plugins/com.st.stm32cube.ide.mcu.externaltools.gnu-tools-for-stm32.7-2018-q2-update.win32_1.5.0.202011040924/tools/bin/../lib/gcc/arm-none-eabi/7.3.1/../../../../arm-none-eabi/lib/thumb/v7-m\libc_nano.a(lib_a-mlock.o)
 .ARM.attributes
                0x00000000000008da       0x2d c:/st/stm32cubeide_1.4.0/stm32cubeide/plugins/com.st.stm32cube.ide.mcu.externaltools.gnu-tools-for-stm32.7-2018-q2-update.win32_1.5.0.202011040924/tools/bin/../lib/gcc/arm-none-eabi/7.3.1/../../../../arm-none-eabi/lib/thumb/v7-m\libc_nano.a(lib_a-reent.o)
 .ARM.attributes
                0x0000000000000907       0x1d c:/st/stm32cubeide_1.4.0/stm32cubeide/plugins/com.st.stm32cube.ide.mcu.externaltools.gnu-tools-for-stm32.7-2018-q2-update.win32_1.5.0.202011040924/tools/bin/../lib/gcc/arm-none-eabi/7.3.1/thumb/v7-m/crtn.o
OUTPUT(libertyMestre.elf elf32-littlearm)

.comment        0x0000000000000000       0x7b
 .comment       0x0000000000000000       0x7b Core/Src/main.o
                                         0x7c (size before relaxing)
 .comment       0x000000000000007b       0x7c Core/Src/stm32f1xx_hal_msp.o
 .comment       0x000000000000007b       0x7c Core/Src/stm32f1xx_hal_timebase_tim.o
 .comment       0x000000000000007b       0x7c Core/Src/stm32f1xx_it.o
 .comment       0x000000000000007b       0x7c Core/Src/sysmem.o
 .comment       0x000000000000007b       0x7c Core/Src/system_stm32f1xx.o
 .comment       0x000000000000007b       0x7c Drivers/ETHERNET/scr/socket.o
 .comment       0x000000000000007b       0x7c Drivers/ETHERNET/scr/w5500.o
 .comment       0x000000000000007b       0x7c Drivers/ETHERNET/scr/wizchip_conf.o
 .comment       0x000000000000007b       0x7c Drivers/STM32F1xx_HAL_Driver/Src/stm32f1xx_hal.o
 .comment       0x000000000000007b       0x7c Drivers/STM32F1xx_HAL_Driver/Src/stm32f1xx_hal_cortex.o
 .comment       0x000000000000007b       0x7c Drivers/STM32F1xx_HAL_Driver/Src/stm32f1xx_hal_flash.o
 .comment       0x000000000000007b       0x7c Drivers/STM32F1xx_HAL_Driver/Src/stm32f1xx_hal_flash_ex.o
 .comment       0x000000000000007b       0x7c Drivers/STM32F1xx_HAL_Driver/Src/stm32f1xx_hal_gpio.o
 .comment       0x000000000000007b       0x7c Drivers/STM32F1xx_HAL_Driver/Src/stm32f1xx_hal_i2c.o
 .comment       0x000000000000007b       0x7c Drivers/STM32F1xx_HAL_Driver/Src/stm32f1xx_hal_rcc.o
 .comment       0x000000000000007b       0x7c Drivers/STM32F1xx_HAL_Driver/Src/stm32f1xx_hal_spi.o
 .comment       0x000000000000007b       0x7c Drivers/STM32F1xx_HAL_Driver/Src/stm32f1xx_hal_tim.o
 .comment       0x000000000000007b       0x7c Drivers/STM32F1xx_HAL_Driver/Src/stm32f1xx_hal_tim_ex.o
 .comment       0x000000000000007b       0x7c Middlewares/Third_Party/FreeRTOS/Source/CMSIS_RTOS_V2/cmsis_os2.o
 .comment       0x000000000000007b       0x7c Middlewares/Third_Party/FreeRTOS/Source/list.o
 .comment       0x000000000000007b       0x7c Middlewares/Third_Party/FreeRTOS/Source/queue.o
 .comment       0x000000000000007b       0x7c Middlewares/Third_Party/FreeRTOS/Source/tasks.o
 .comment       0x000000000000007b       0x7c Middlewares/Third_Party/FreeRTOS/Source/timers.o
 .comment       0x000000000000007b       0x7c Middlewares/Third_Party/FreeRTOS/Source/portable/GCC/ARM_CM3/port.o
 .comment       0x000000000000007b       0x7c Middlewares/Third_Party/FreeRTOS/Source/portable/MemMang/heap_4.o

.debug_frame    0x0000000000000000      0x334
 .debug_frame   0x0000000000000000       0x20 c:/st/stm32cubeide_1.4.0/stm32cubeide/plugins/com.st.stm32cube.ide.mcu.externaltools.gnu-tools-for-stm32.7-2018-q2-update.win32_1.5.0.202011040924/tools/bin/../lib/gcc/arm-none-eabi/7.3.1/../../../../arm-none-eabi/lib/thumb/v7-m\libc_nano.a(lib_a-errno.o)
 .debug_frame   0x0000000000000020       0x2c c:/st/stm32cubeide_1.4.0/stm32cubeide/plugins/com.st.stm32cube.ide.mcu.externaltools.gnu-tools-for-stm32.7-2018-q2-update.win32_1.5.0.202011040924/tools/bin/../lib/gcc/arm-none-eabi/7.3.1/../../../../arm-none-eabi/lib/thumb/v7-m\libc_nano.a(lib_a-init.o)
 .debug_frame   0x000000000000004c       0x2c c:/st/stm32cubeide_1.4.0/stm32cubeide/plugins/com.st.stm32cube.ide.mcu.externaltools.gnu-tools-for-stm32.7-2018-q2-update.win32_1.5.0.202011040924/tools/bin/../lib/gcc/arm-none-eabi/7.3.1/../../../../arm-none-eabi/lib/thumb/v7-m\libc_nano.a(lib_a-memcmp.o)
 .debug_frame   0x0000000000000078       0x28 c:/st/stm32cubeide_1.4.0/stm32cubeide/plugins/com.st.stm32cube.ide.mcu.externaltools.gnu-tools-for-stm32.7-2018-q2-update.win32_1.5.0.202011040924/tools/bin/../lib/gcc/arm-none-eabi/7.3.1/../../../../arm-none-eabi/lib/thumb/v7-m\libc_nano.a(lib_a-memcpy-stub.o)
 .debug_frame   0x00000000000000a0       0x28 c:/st/stm32cubeide_1.4.0/stm32cubeide/plugins/com.st.stm32cube.ide.mcu.externaltools.gnu-tools-for-stm32.7-2018-q2-update.win32_1.5.0.202011040924/tools/bin/../lib/gcc/arm-none-eabi/7.3.1/../../../../arm-none-eabi/lib/thumb/v7-m\libc_nano.a(lib_a-memmove.o)
 .debug_frame   0x00000000000000c8       0x20 c:/st/stm32cubeide_1.4.0/stm32cubeide/plugins/com.st.stm32cube.ide.mcu.externaltools.gnu-tools-for-stm32.7-2018-q2-update.win32_1.5.0.202011040924/tools/bin/../lib/gcc/arm-none-eabi/7.3.1/../../../../arm-none-eabi/lib/thumb/v7-m\libc_nano.a(lib_a-memset.o)
 .debug_frame   0x00000000000000e8       0x28 c:/st/stm32cubeide_1.4.0/stm32cubeide/plugins/com.st.stm32cube.ide.mcu.externaltools.gnu-tools-for-stm32.7-2018-q2-update.win32_1.5.0.202011040924/tools/bin/../lib/gcc/arm-none-eabi/7.3.1/../../../../arm-none-eabi/lib/thumb/v7-m\libc_nano.a(lib_a-strcat.o)
 .debug_frame   0x0000000000000110       0x20 c:/st/stm32cubeide_1.4.0/stm32cubeide/plugins/com.st.stm32cube.ide.mcu.externaltools.gnu-tools-for-stm32.7-2018-q2-update.win32_1.5.0.202011040924/tools/bin/../lib/gcc/arm-none-eabi/7.3.1/../../../../arm-none-eabi/lib/thumb/v7-m\libc_nano.a(lib_a-strchr.o)
 .debug_frame   0x0000000000000130       0x20 c:/st/stm32cubeide_1.4.0/stm32cubeide/plugins/com.st.stm32cube.ide.mcu.externaltools.gnu-tools-for-stm32.7-2018-q2-update.win32_1.5.0.202011040924/tools/bin/../lib/gcc/arm-none-eabi/7.3.1/../../../../arm-none-eabi/lib/thumb/v7-m\libc_nano.a(lib_a-strcpy.o)
 .debug_frame   0x0000000000000150       0x28 c:/st/stm32cubeide_1.4.0/stm32cubeide/plugins/com.st.stm32cube.ide.mcu.externaltools.gnu-tools-for-stm32.7-2018-q2-update.win32_1.5.0.202011040924/tools/bin/../lib/gcc/arm-none-eabi/7.3.1/../../../../arm-none-eabi/lib/thumb/v7-m\libc_nano.a(lib_a-strncmp.o)
 .debug_frame   0x0000000000000178       0x30 c:/st/stm32cubeide_1.4.0/stm32cubeide/plugins/com.st.stm32cube.ide.mcu.externaltools.gnu-tools-for-stm32.7-2018-q2-update.win32_1.5.0.202011040924/tools/bin/../lib/gcc/arm-none-eabi/7.3.1/../../../../arm-none-eabi/lib/thumb/v7-m\libc_nano.a(lib_a-strstr.o)
 .debug_frame   0x00000000000001a8       0x38 c:/st/stm32cubeide_1.4.0/stm32cubeide/plugins/com.st.stm32cube.ide.mcu.externaltools.gnu-tools-for-stm32.7-2018-q2-update.win32_1.5.0.202011040924/tools/bin/../lib/gcc/arm-none-eabi/7.3.1/../../../../arm-none-eabi/lib/thumb/v7-m\libc_nano.a(lib_a-strtok.o)
 .debug_frame   0x00000000000001e0       0x40 c:/st/stm32cubeide_1.4.0/stm32cubeide/plugins/com.st.stm32cube.ide.mcu.externaltools.gnu-tools-for-stm32.7-2018-q2-update.win32_1.5.0.202011040924/tools/bin/../lib/gcc/arm-none-eabi/7.3.1/../../../../arm-none-eabi/lib/thumb/v7-m\libc_nano.a(lib_a-strtok_r.o)
 .debug_frame   0x0000000000000220       0x30 c:/st/stm32cubeide_1.4.0/stm32cubeide/plugins/com.st.stm32cube.ide.mcu.externaltools.gnu-tools-for-stm32.7-2018-q2-update.win32_1.5.0.202011040924/tools/bin/../lib/gcc/arm-none-eabi/7.3.1/../../../../arm-none-eabi/lib/thumb/v7-m\libc_nano.a(lib_a-malloc.o)
 .debug_frame   0x0000000000000250       0x2c c:/st/stm32cubeide_1.4.0/stm32cubeide/plugins/com.st.stm32cube.ide.mcu.externaltools.gnu-tools-for-stm32.7-2018-q2-update.win32_1.5.0.202011040924/tools/bin/../lib/gcc/arm-none-eabi/7.3.1/../../../../arm-none-eabi/lib/thumb/v7-m\libc_nano.a(lib_a-nano-mallocr.o)
 .debug_frame   0x000000000000027c       0x2c c:/st/stm32cubeide_1.4.0/stm32cubeide/plugins/com.st.stm32cube.ide.mcu.externaltools.gnu-tools-for-stm32.7-2018-q2-update.win32_1.5.0.202011040924/tools/bin/../lib/gcc/arm-none-eabi/7.3.1/../../../../arm-none-eabi/lib/thumb/v7-m\libc_nano.a(lib_a-sbrkr.o)
 .debug_frame   0x00000000000002a8       0x30 c:/st/stm32cubeide_1.4.0/stm32cubeide/plugins/com.st.stm32cube.ide.mcu.externaltools.gnu-tools-for-stm32.7-2018-q2-update.win32_1.5.0.202011040924/tools/bin/../lib/gcc/arm-none-eabi/7.3.1/../../../../arm-none-eabi/lib/thumb/v7-m\libc_nano.a(lib_a-mlock.o)
 .debug_frame   0x00000000000002d8       0x5c c:/st/stm32cubeide_1.4.0/stm32cubeide/plugins/com.st.stm32cube.ide.mcu.externaltools.gnu-tools-for-stm32.7-2018-q2-update.win32_1.5.0.202011040924/tools/bin/../lib/gcc/arm-none-eabi/7.3.1/../../../../arm-none-eabi/lib/thumb/v7-m\libc_nano.a(lib_a-reent.o)
